2025-07-27T22:16:00.5398609Z Current runner version: '2.326.0'
2025-07-27T22:16:00.5422073Z ##[group]Runner Image Provisioner
2025-07-27T22:16:00.5422870Z Hosted Compute Agent
2025-07-27T22:16:00.5423538Z Version: 20250711.363
2025-07-27T22:16:00.5424125Z Commit: 6785254374ce925a23743850c1cb91912ce5c14c
2025-07-27T22:16:00.5424865Z Build Date: 2025-07-11T20:04:25Z
2025-07-27T22:16:00.5425435Z ##[endgroup]
2025-07-27T22:16:00.5425994Z ##[group]Operating System
2025-07-27T22:16:00.5426487Z Ubuntu
2025-07-27T22:16:00.5427047Z 24.04.2
2025-07-27T22:16:00.5427491Z LTS
2025-07-27T22:16:00.5427891Z ##[endgroup]
2025-07-27T22:16:00.5428469Z ##[group]Runner Image
2025-07-27T22:16:00.5429044Z Image: ubuntu-24.04
2025-07-27T22:16:00.5429490Z Version: 20250720.1.0
2025-07-27T22:16:00.5430577Z Included Software: https://github.com/actions/runner-images/blob/ubuntu24/20250720.1/images/ubuntu/Ubuntu2404-Readme.md
2025-07-27T22:16:00.5432392Z Image Release: https://github.com/actions/runner-images/releases/tag/ubuntu24%2F20250720.1
2025-07-27T22:16:00.5433463Z ##[endgroup]
2025-07-27T22:16:00.5434449Z ##[group]GITHUB_TOKEN Permissions
2025-07-27T22:16:00.5436325Z Contents: read
2025-07-27T22:16:00.5436818Z Metadata: read
2025-07-27T22:16:00.5437289Z ##[endgroup]
2025-07-27T22:16:00.5439280Z Secret source: Actions
2025-07-27T22:16:00.5439918Z Prepare workflow directory
2025-07-27T22:16:00.5953415Z Prepare all required actions
2025-07-27T22:16:00.5991273Z Getting action download info
2025-07-27T22:16:00.9271969Z ##[group]Download immutable action package 'actions/checkout@v4'
2025-07-27T22:16:00.9272954Z Version: 4.2.2
2025-07-27T22:16:00.9273921Z Digest: sha256:ccb2698953eaebd21c7bf6268a94f9c26518a7e38e27e0b83c1fe1ad049819b1
2025-07-27T22:16:00.9275212Z Source commit SHA: 11bd71901bbe5b1630ceea73d27597364c9af683
2025-07-27T22:16:00.9275917Z ##[endgroup]
2025-07-27T22:16:01.0082987Z Download action repository 'aws-actions/configure-aws-credentials@v4' (SHA:e3dd6a429d7300a6a4c196c26e071d42e0343502)
2025-07-27T22:16:01.2654351Z Download action repository 'azure/setup-kubectl@v3' (SHA:901a10e89ea615cf61f57ac05cecdf23e7de06d8)
2025-07-27T22:16:01.4068433Z Download action repository 'azure/setup-helm@v3' (SHA:5119fcb9089d432beecbf79bb2c7915207344b78)
2025-07-27T22:16:01.6258498Z Complete job name: Deploy Application
2025-07-27T22:16:01.6881466Z ##[group]Run actions/checkout@v4
2025-07-27T22:16:01.6882405Z with:
2025-07-27T22:16:01.6882894Z   repository: rmcveyhsawaknow/tasky-pivot-for-insight
2025-07-27T22:16:01.6883625Z   token: ***
2025-07-27T22:16:01.6883988Z   ssh-strict: true
2025-07-27T22:16:01.6884355Z   ssh-user: git
2025-07-27T22:16:01.6884730Z   persist-credentials: true
2025-07-27T22:16:01.6885149Z   clean: true
2025-07-27T22:16:01.6885529Z   sparse-checkout-cone-mode: true
2025-07-27T22:16:01.6885996Z   fetch-depth: 1
2025-07-27T22:16:01.6886361Z   fetch-tags: false
2025-07-27T22:16:01.6886751Z   show-progress: true
2025-07-27T22:16:01.6887188Z   lfs: false
2025-07-27T22:16:01.6887556Z   submodules: false
2025-07-27T22:16:01.6887949Z   set-safe-directory: true
2025-07-27T22:16:01.6888699Z env:
2025-07-27T22:16:01.6889054Z   TF_VERSION: 1.7.5
2025-07-27T22:16:01.6889446Z   AWS_REGION: us-east-1
2025-07-27T22:16:01.6889847Z   PROJECT_NAME: tasky
2025-07-27T22:16:01.6890237Z   ENVIRONMENT: dev
2025-07-27T22:16:01.6890641Z   STACK_VERSION: v15
2025-07-27T22:16:01.6891271Z ##[endgroup]
2025-07-27T22:16:01.7994540Z Syncing repository: rmcveyhsawaknow/tasky-pivot-for-insight
2025-07-27T22:16:01.7997166Z ##[group]Getting Git version info
2025-07-27T22:16:01.7998058Z Working directory is '/home/runner/work/tasky-pivot-for-insight/tasky-pivot-for-insight'
2025-07-27T22:16:01.7999161Z [command]/usr/bin/git version
2025-07-27T22:16:01.8012985Z git version 2.50.1
2025-07-27T22:16:01.8039454Z ##[endgroup]
2025-07-27T22:16:01.8054905Z Temporarily overriding HOME='/home/runner/work/_temp/436ec034-ca28-45dd-8ebb-527b9bb99d61' before making global git config changes
2025-07-27T22:16:01.8057297Z Adding repository directory to the temporary git global config as a safe directory
2025-07-27T22:16:01.8070253Z [command]/usr/bin/git config --global --add safe.directory /home/runner/work/tasky-pivot-for-insight/tasky-pivot-for-insight
2025-07-27T22:16:01.8103791Z Deleting the contents of '/home/runner/work/tasky-pivot-for-insight/tasky-pivot-for-insight'
2025-07-27T22:16:01.8106922Z ##[group]Initializing the repository
2025-07-27T22:16:01.8112182Z [command]/usr/bin/git init /home/runner/work/tasky-pivot-for-insight/tasky-pivot-for-insight
2025-07-27T22:16:01.8163089Z hint: Using 'master' as the name for the initial branch. This default branch name
2025-07-27T22:16:01.8164760Z hint: is subject to change. To configure the initial branch name to use in all
2025-07-27T22:16:01.8165665Z hint: of your new repositories, which will suppress this warning, call:
2025-07-27T22:16:01.8166857Z hint:
2025-07-27T22:16:01.8167713Z hint: 	git config --global init.defaultBranch <name>
2025-07-27T22:16:01.8168751Z hint:
2025-07-27T22:16:01.8169734Z hint: Names commonly chosen instead of 'master' are 'main', 'trunk' and
2025-07-27T22:16:01.8171569Z hint: 'development'. The just-created branch can be renamed via this command:
2025-07-27T22:16:01.8172839Z hint:
2025-07-27T22:16:01.8173484Z hint: 	git branch -m <name>
2025-07-27T22:16:01.8174210Z hint:
2025-07-27T22:16:01.8175255Z hint: Disable this message with "git config set advice.defaultBranchName false"
2025-07-27T22:16:01.8177420Z Initialized empty Git repository in /home/runner/work/tasky-pivot-for-insight/tasky-pivot-for-insight/.git/
2025-07-27T22:16:01.8179756Z [command]/usr/bin/git remote add origin https://github.com/rmcveyhsawaknow/tasky-pivot-for-insight
2025-07-27T22:16:01.8208938Z ##[endgroup]
2025-07-27T22:16:01.8210121Z ##[group]Disabling automatic garbage collection
2025-07-27T22:16:01.8213992Z [command]/usr/bin/git config --local gc.auto 0
2025-07-27T22:16:01.8242196Z ##[endgroup]
2025-07-27T22:16:01.8243437Z ##[group]Setting up auth
2025-07-27T22:16:01.8249771Z [command]/usr/bin/git config --local --name-only --get-regexp core\.sshCommand
2025-07-27T22:16:01.8280265Z [command]/usr/bin/git submodule foreach --recursive sh -c "git config --local --name-only --get-regexp 'core\.sshCommand' && git config --local --unset-all 'core.sshCommand' || :"
2025-07-27T22:16:01.8538886Z [command]/usr/bin/git config --local --name-only --get-regexp http\.https\:\/\/github\.com\/\.extraheader
2025-07-27T22:16:01.8569005Z [command]/usr/bin/git submodule foreach --recursive sh -c "git config --local --name-only --get-regexp 'http\.https\:\/\/github\.com\/\.extraheader' && git config --local --unset-all 'http.https://github.com/.extraheader' || :"
2025-07-27T22:16:01.8787877Z [command]/usr/bin/git config --local http.https://github.com/.extraheader AUTHORIZATION: basic ***
2025-07-27T22:16:01.8830338Z ##[endgroup]
2025-07-27T22:16:01.8831807Z ##[group]Fetching the repository
2025-07-27T22:16:01.8840247Z [command]/usr/bin/git -c protocol.version=2 fetch --no-tags --prune --no-recurse-submodules --depth=1 origin +e3cbb314f68119efeb7d1e55bc3dc8dad4c1cde0:refs/remotes/origin/deploy/v15-quickstart
2025-07-27T22:16:02.3160683Z From https://github.com/rmcveyhsawaknow/tasky-pivot-for-insight
2025-07-27T22:16:02.3162795Z  * [new ref]         e3cbb314f68119efeb7d1e55bc3dc8dad4c1cde0 -> origin/deploy/v15-quickstart
2025-07-27T22:16:02.3184102Z ##[endgroup]
2025-07-27T22:16:02.3185782Z ##[group]Determining the checkout info
2025-07-27T22:16:02.3187604Z ##[endgroup]
2025-07-27T22:16:02.3191360Z [command]/usr/bin/git sparse-checkout disable
2025-07-27T22:16:02.3228094Z [command]/usr/bin/git config --local --unset-all extensions.worktreeConfig
2025-07-27T22:16:02.3255528Z ##[group]Checking out the ref
2025-07-27T22:16:02.3258396Z [command]/usr/bin/git checkout --progress --force -B deploy/v15-quickstart refs/remotes/origin/deploy/v15-quickstart
2025-07-27T22:16:02.4433208Z Switched to a new branch 'deploy/v15-quickstart'
2025-07-27T22:16:02.4435700Z branch 'deploy/v15-quickstart' set up to track 'origin/deploy/v15-quickstart'.
2025-07-27T22:16:02.4449847Z ##[endgroup]
2025-07-27T22:16:02.4487044Z [command]/usr/bin/git log -1 --format=%H
2025-07-27T22:16:02.4508680Z e3cbb314f68119efeb7d1e55bc3dc8dad4c1cde0
2025-07-27T22:16:02.4804037Z ##[group]Run aws-actions/configure-aws-credentials@v4
2025-07-27T22:16:02.4805391Z with:
2025-07-27T22:16:02.4806857Z   role-to-assume: ***
2025-07-27T22:16:02.4807827Z   aws-region: us-east-1
2025-07-27T22:16:02.4808820Z   audience: sts.amazonaws.com
2025-07-27T22:16:02.4809836Z env:
2025-07-27T22:16:02.4810627Z   TF_VERSION: 1.7.5
2025-07-27T22:16:02.4811815Z   AWS_REGION: us-east-1
2025-07-27T22:16:02.4812799Z   PROJECT_NAME: tasky
2025-07-27T22:16:02.4813739Z   ENVIRONMENT: dev
2025-07-27T22:16:02.4814636Z   STACK_VERSION: v15
2025-07-27T22:16:02.4815524Z ##[endgroup]
2025-07-27T22:16:02.6859940Z Assuming role with OIDC
2025-07-27T22:16:02.8144344Z Authenticated as assumedRoleId AROASG7WNPAI6M3AFE467:GitHubActions
2025-07-27T22:16:02.8453861Z ##[group]Run azure/setup-kubectl@v3
2025-07-27T22:16:02.8454994Z with:
2025-07-27T22:16:02.8455784Z   version: v1.28.0
2025-07-27T22:16:02.8456652Z env:
2025-07-27T22:16:02.8457422Z   TF_VERSION: 1.7.5
2025-07-27T22:16:02.8458323Z   AWS_REGION: us-east-1
2025-07-27T22:16:02.8459270Z   PROJECT_NAME: tasky
2025-07-27T22:16:02.8460179Z   ENVIRONMENT: dev
2025-07-27T22:16:02.8461201Z   STACK_VERSION: v15
2025-07-27T22:16:02.8462127Z   AWS_DEFAULT_REGION: us-east-1
2025-07-27T22:16:02.8463352Z   AWS_ACCESS_KEY_ID: ***
2025-07-27T22:16:02.8464669Z   AWS_SECRET_ACCESS_KEY: ***
2025-07-27T22:16:02.8486108Z   AWS_SESSION_TOKEN: ***
2025-07-27T22:16:02.8546392Z ##[endgroup]
2025-07-27T22:16:03.3977718Z ##[group]Run azure/setup-helm@v3
2025-07-27T22:16:03.3978678Z with:
2025-07-27T22:16:03.3979352Z   version: v3.12.0
2025-07-27T22:16:03.3980093Z env:
2025-07-27T22:16:03.3980751Z   TF_VERSION: 1.7.5
2025-07-27T22:16:03.3981829Z   AWS_REGION: us-east-1
2025-07-27T22:16:03.3982653Z   PROJECT_NAME: tasky
2025-07-27T22:16:03.3983466Z   ENVIRONMENT: dev
2025-07-27T22:16:03.3984227Z   STACK_VERSION: v15
2025-07-27T22:16:03.3985037Z   AWS_DEFAULT_REGION: us-east-1
2025-07-27T22:16:03.3986200Z   AWS_ACCESS_KEY_ID: ***
2025-07-27T22:16:03.3987382Z   AWS_SECRET_ACCESS_KEY: ***
2025-07-27T22:16:03.4007196Z   AWS_SESSION_TOKEN: ***
2025-07-27T22:16:03.4008022Z ##[endgroup]
2025-07-27T22:16:03.4532150Z ##[group]Downloading v3.12.0
2025-07-27T22:16:03.7267385Z [command]/usr/bin/unzip -o -q /home/runner/work/_temp/ebdc437b-18a0-4306-aa77-3f9c5b263f2f
2025-07-27T22:16:04.1507553Z ##[endgroup]
2025-07-27T22:16:04.1511347Z Helm tool version 'v3.12.0' has been cached at /opt/hostedtoolcache/helm/3.12.0/x64/linux-amd64/helm
2025-07-27T22:16:04.1689729Z ##[group]Run aws eks update-kubeconfig --region us-east-1 --name tasky-dev-v15-eks-cluster
2025-07-27T22:16:04.1692104Z [36;1maws eks update-kubeconfig --region us-east-1 --name tasky-dev-v15-eks-cluster[0m
2025-07-27T22:16:04.1693665Z [36;1mkubectl cluster-info[0m
2025-07-27T22:16:04.1726836Z shell: /usr/bin/bash -e {0}
2025-07-27T22:16:04.1727712Z env:
2025-07-27T22:16:04.1728388Z   TF_VERSION: 1.7.5
2025-07-27T22:16:04.1729184Z   AWS_REGION: us-east-1
2025-07-27T22:16:04.1730000Z   PROJECT_NAME: tasky
2025-07-27T22:16:04.1730783Z   ENVIRONMENT: dev
2025-07-27T22:16:04.1731709Z   STACK_VERSION: v15
2025-07-27T22:16:04.1732516Z   AWS_DEFAULT_REGION: us-east-1
2025-07-27T22:16:04.1733605Z   AWS_ACCESS_KEY_ID: ***
2025-07-27T22:16:04.1734766Z   AWS_SECRET_ACCESS_KEY: ***
2025-07-27T22:16:04.1754048Z   AWS_SESSION_TOKEN: ***
2025-07-27T22:16:04.1754875Z ##[endgroup]
2025-07-27T22:16:12.5163022Z Added new context arn:aws:eks:us-east-1:152451250193:cluster/tasky-dev-v15-eks-cluster to /home/runner/.kube/config
2025-07-27T22:16:13.3653541Z [0;32mKubernetes control plane[0m is running at [0;33mhttps://8B0554D074971B437EEE22A456BFFE7B.gr7.us-east-1.eks.amazonaws.com[0m
2025-07-27T22:16:13.3655518Z [0;32mCoreDNS[0m is running at [0;33mhttps://8B0554D074971B437EEE22A456BFFE7B.gr7.us-east-1.eks.amazonaws.com/api/v1/namespaces/kube-system/services/kube-dns:dns/proxy[0m
2025-07-27T22:16:13.3656532Z 
2025-07-27T22:16:13.3657332Z To further debug and diagnose cluster problems, use 'kubectl cluster-info dump'.
2025-07-27T22:16:13.3707546Z ##[group]Run chmod +x scripts/setup-alb-controller.sh
2025-07-27T22:16:13.3707991Z [36;1mchmod +x scripts/setup-alb-controller.sh[0m
2025-07-27T22:16:13.3708333Z [36;1m./scripts/setup-alb-controller.sh[0m
2025-07-27T22:16:13.3736083Z shell: /usr/bin/bash -e {0}
2025-07-27T22:16:13.3736331Z env:
2025-07-27T22:16:13.3736512Z   TF_VERSION: 1.7.5
2025-07-27T22:16:13.3736719Z   AWS_REGION: us-east-1
2025-07-27T22:16:13.3736958Z   PROJECT_NAME: tasky
2025-07-27T22:16:13.3737174Z   ENVIRONMENT: dev
2025-07-27T22:16:13.3737380Z   STACK_VERSION: v15
2025-07-27T22:16:13.3737605Z   AWS_DEFAULT_REGION: us-east-1
2025-07-27T22:16:13.3738233Z   AWS_ACCESS_KEY_ID: ***
2025-07-27T22:16:13.3738584Z   AWS_SECRET_ACCESS_KEY: ***
2025-07-27T22:16:13.3744141Z   AWS_SESSION_TOKEN: ***
2025-07-27T22:16:13.3744408Z   CLUSTER_NAME: tasky-dev-v15-eks-cluster
2025-07-27T22:16:13.3744691Z ##[endgroup]
2025-07-27T22:16:13.3821668Z [0;34m[INFO][0m Starting AWS Load Balancer Controller setup...
2025-07-27T22:16:13.3822556Z [0;34m[INFO][0m Checking prerequisites...
2025-07-27T22:16:13.3824534Z [0;32m[SUCCESS][0m All prerequisites are installed
2025-07-27T22:16:13.3825259Z [0;34m[INFO][0m Getting cluster information...
2025-07-27T22:16:13.3826009Z [0;34m[INFO][0m Using cluster information from environment variables
2025-07-27T22:16:14.0453465Z [0;32m[SUCCESS][0m Cluster info retrieved: tasky-dev-v15-eks-cluster in us-east-1
2025-07-27T22:16:14.0454044Z [0;34m[INFO][0m Updating kubeconfig for EKS cluster...
2025-07-27T22:16:14.7591964Z Updated context arn:aws:eks:us-east-1:152451250193:cluster/tasky-dev-v15-eks-cluster in /home/runner/.kube/config
2025-07-27T22:16:14.8279615Z [0;32m[SUCCESS][0m Kubeconfig updated
2025-07-27T22:16:14.8280453Z [0;34m[INFO][0m Installing AWS Load Balancer Controller...
2025-07-27T22:16:15.6101739Z "eks" has been added to your repositories
2025-07-27T22:16:15.6476648Z Hang tight while we grab the latest from your chart repositories...
2025-07-27T22:16:15.7047972Z ...Successfully got an update from the "eks" chart repository
2025-07-27T22:16:15.7049783Z Update Complete. ‚éàHappy Helming!‚éà
2025-07-27T22:16:17.5437198Z serviceaccount/aws-load-balancer-controller created
2025-07-27T22:16:17.5459642Z [0;34m[INFO][0m Installing fresh AWS Load Balancer Controller...
2025-07-27T22:16:22.2553262Z NAME: aws-load-balancer-controller
2025-07-27T22:16:22.2554702Z LAST DEPLOYED: Sun Jul 27 22:16:21 2025
2025-07-27T22:16:22.2555398Z NAMESPACE: kube-system
2025-07-27T22:16:22.2555939Z STATUS: deployed
2025-07-27T22:16:22.2556420Z REVISION: 1
2025-07-27T22:16:22.2556874Z TEST SUITE: None
2025-07-27T22:16:22.2557311Z NOTES:
2025-07-27T22:16:22.2557803Z AWS Load Balancer controller installed!
2025-07-27T22:16:22.2591846Z [0;32m[SUCCESS][0m AWS Load Balancer Controller installed
2025-07-27T22:16:22.2593904Z [0;34m[INFO][0m Waiting for AWS Load Balancer Controller to be ready...
2025-07-27T22:16:42.5781900Z pod/aws-load-balancer-controller-d7f6895c4-cfl6h condition met
2025-07-27T22:16:42.6793483Z pod/aws-load-balancer-controller-d7f6895c4-zlldg condition met
2025-07-27T22:16:42.6815001Z [0;32m[SUCCESS][0m AWS Load Balancer Controller is ready
2025-07-27T22:16:43.3049075Z [0;34m[INFO][0m Verifying controller status...
2025-07-27T22:16:43.3049654Z [0;34m[INFO][0m Controller pod: aws-load-balancer-controller-d7f6895c4-cfl6h
2025-07-27T22:16:43.9389113Z [0;32m[SUCCESS][0m No immediate errors in controller logs
2025-07-27T22:16:43.9390032Z [0;34m[INFO][0m Deploying Tasky application...
2025-07-27T22:16:43.9390759Z [0;34m[INFO][0m Creating namespace...
2025-07-27T22:16:45.3316601Z namespace/tasky created
2025-07-27T22:16:45.3346995Z [0;34m[INFO][0m Waiting for namespace to be active...
2025-07-27T22:17:45.3752095Z [1;33m[WARNING][0m Timeout waiting for namespace condition, checking namespace status manually...
2025-07-27T22:17:46.0693606Z [0;34m[INFO][0m Namespace exists, checking if it's usable...
2025-07-27T22:17:47.4285084Z configmap/namespace-test created
2025-07-27T22:17:47.4313428Z [0;32m[SUCCESS][0m Namespace is working despite condition timeout
2025-07-27T22:17:48.0702133Z [0;34m[INFO][0m Creating RBAC resources...
2025-07-27T22:17:48.8715471Z serviceaccount/tasky-admin created
2025-07-27T22:17:48.8868174Z clusterrolebinding.rbac.authorization.k8s.io/tasky-admin-binding created
2025-07-27T22:17:48.8892203Z [0;34m[INFO][0m Creating ConfigMap...
2025-07-27T22:17:49.8399273Z configmap/tasky-config created
2025-07-27T22:17:49.8424608Z [0;34m[INFO][0m Creating Secret with MongoDB connection using shared utilities...
2025-07-27T22:17:49.8430751Z [0;34m[INFO][0m Updating secret.yaml file for consistency...
2025-07-27T22:17:49.8433215Z üìù Updating secret.yaml with Terraform values...
2025-07-27T22:17:49.8498221Z ‚ö†Ô∏è Warning: Could not retrieve MongoDB IP from Terraform
2025-07-27T22:17:49.8498888Z    Using placeholder values. You'll need to update manually later.
2025-07-27T22:17:49.8501083Z [1;33m[WARNING][0m Could not update secret.yaml - will create secret directly
2025-07-27T22:17:49.8501956Z [0;34m[INFO][0m Creating Kubernetes secret with consistent values...
2025-07-27T22:17:49.8502560Z üîê Creating Kubernetes secret: tasky-secrets in namespace: tasky
2025-07-27T22:17:49.8566462Z ‚ùå Error: Could not get MongoDB IP from Terraform outputs
2025-07-27T22:17:49.8567136Z    Creating placeholder secret that will need manual update
2025-07-27T22:17:51.2152151Z secret/tasky-secrets created
2025-07-27T22:17:51.2182910Z [0;31m[ERROR][0m Failed to create secret with shared utilities
2025-07-27T22:17:51.2199084Z ##[error]Process completed with exit code 1.
2025-07-27T22:17:51.2304450Z Post job cleanup.
2025-07-27T22:17:51.3502018Z Post job cleanup.
2025-07-27T22:17:51.4427640Z [command]/usr/bin/git version
2025-07-27T22:17:51.4463503Z git version 2.50.1
2025-07-27T22:17:51.4507451Z Temporarily overriding HOME='/home/runner/work/_temp/0b993427-7112-4e51-b985-ba51d31db491' before making global git config changes
2025-07-27T22:17:51.4508829Z Adding repository directory to the temporary git global config as a safe directory
2025-07-27T22:17:51.4514282Z [command]/usr/bin/git config --global --add safe.directory /home/runner/work/tasky-pivot-for-insight/tasky-pivot-for-insight
2025-07-27T22:17:51.4549461Z [command]/usr/bin/git config --local --name-only --get-regexp core\.sshCommand
2025-07-27T22:17:51.4581918Z [command]/usr/bin/git submodule foreach --recursive sh -c "git config --local --name-only --get-regexp 'core\.sshCommand' && git config --local --unset-all 'core.sshCommand' || :"
2025-07-27T22:17:51.4802096Z [command]/usr/bin/git config --local --name-only --get-regexp http\.https\:\/\/github\.com\/\.extraheader
2025-07-27T22:17:51.4822178Z http.https://github.com/.extraheader
2025-07-27T22:17:51.4834496Z [command]/usr/bin/git config --local --unset-all http.https://github.com/.extraheader
2025-07-27T22:17:51.4864171Z [command]/usr/bin/git submodule foreach --recursive sh -c "git config --local --name-only --get-regexp 'http\.https\:\/\/github\.com\/\.extraheader' && git config --local --unset-all 'http.https://github.com/.extraheader' || :"
2025-07-27T22:17:51.5203300Z Cleaning up orphan processes