2025-07-27T20:31:39.2186678Z Current runner version: '2.326.0'
2025-07-27T20:31:39.2210028Z ##[group]Runner Image Provisioner
2025-07-27T20:31:39.2211021Z Hosted Compute Agent
2025-07-27T20:31:39.2211620Z Version: 20250711.363
2025-07-27T20:31:39.2212268Z Commit: 6785254374ce925a23743850c1cb91912ce5c14c
2025-07-27T20:31:39.2213010Z Build Date: 2025-07-11T20:04:25Z
2025-07-27T20:31:39.2213668Z ##[endgroup]
2025-07-27T20:31:39.2214197Z ##[group]Operating System
2025-07-27T20:31:39.2214809Z Ubuntu
2025-07-27T20:31:39.2215322Z 24.04.2
2025-07-27T20:31:39.2215811Z LTS
2025-07-27T20:31:39.2216522Z ##[endgroup]
2025-07-27T20:31:39.2217048Z ##[group]Runner Image
2025-07-27T20:31:39.2217610Z Image: ubuntu-24.04
2025-07-27T20:31:39.2218196Z Version: 20250720.1.0
2025-07-27T20:31:39.2219245Z Included Software: https://github.com/actions/runner-images/blob/ubuntu24/20250720.1/images/ubuntu/Ubuntu2404-Readme.md
2025-07-27T20:31:39.2220893Z Image Release: https://github.com/actions/runner-images/releases/tag/ubuntu24%2F20250720.1
2025-07-27T20:31:39.2221891Z ##[endgroup]
2025-07-27T20:31:39.2223126Z ##[group]GITHUB_TOKEN Permissions
2025-07-27T20:31:39.2225037Z Contents: read
2025-07-27T20:31:39.2225726Z Metadata: read
2025-07-27T20:31:39.2226569Z PullRequests: write
2025-07-27T20:31:39.2227116Z ##[endgroup]
2025-07-27T20:31:39.2229521Z Secret source: Actions
2025-07-27T20:31:39.2230544Z Prepare workflow directory
2025-07-27T20:31:39.2748223Z Prepare all required actions
2025-07-27T20:31:39.2785525Z Getting action download info
2025-07-27T20:31:39.7337626Z ##[group]Download immutable action package 'actions/checkout@v4'
2025-07-27T20:31:39.7338710Z Version: 4.2.2
2025-07-27T20:31:39.7339859Z Digest: sha256:ccb2698953eaebd21c7bf6268a94f9c26518a7e38e27e0b83c1fe1ad049819b1
2025-07-27T20:31:39.7341168Z Source commit SHA: 11bd71901bbe5b1630ceea73d27597364c9af683
2025-07-27T20:31:39.7342046Z ##[endgroup]
2025-07-27T20:31:39.8225572Z Download action repository 'aws-actions/configure-aws-credentials@v4' (SHA:e3dd6a429d7300a6a4c196c26e071d42e0343502)
2025-07-27T20:31:40.2999794Z Download action repository 'hashicorp/setup-terraform@v3' (SHA:b9cd54a3c349d3f38e8881555d616ced269862dd)
2025-07-27T20:31:40.7993327Z ##[group]Download immutable action package 'actions/github-script@v7'
2025-07-27T20:31:40.7994263Z Version: 7.0.1
2025-07-27T20:31:40.7995159Z Digest: sha256:bce02966afe3a75123f766b765abe432fac5464b74976015dc06b811ac9054c7
2025-07-27T20:31:40.7996587Z Source commit SHA: 60a0d83039c74a4aee543508d2ffcb1c3799cdea
2025-07-27T20:31:40.7997363Z ##[endgroup]
2025-07-27T20:31:41.1281435Z Complete job name: Terraform Plan
2025-07-27T20:31:41.1923742Z ##[group]Run actions/checkout@v4
2025-07-27T20:31:41.1924661Z with:
2025-07-27T20:31:41.1925168Z   repository: rmcveyhsawaknow/tasky-pivot-for-insight
2025-07-27T20:31:41.1925971Z   token: ***
2025-07-27T20:31:41.1926650Z   ssh-strict: true
2025-07-27T20:31:41.1927082Z   ssh-user: git
2025-07-27T20:31:41.1927504Z   persist-credentials: true
2025-07-27T20:31:41.1927989Z   clean: true
2025-07-27T20:31:41.1928432Z   sparse-checkout-cone-mode: true
2025-07-27T20:31:41.1928959Z   fetch-depth: 1
2025-07-27T20:31:41.1929370Z   fetch-tags: false
2025-07-27T20:31:41.1929794Z   show-progress: true
2025-07-27T20:31:41.1930219Z   lfs: false
2025-07-27T20:31:41.1930615Z   submodules: false
2025-07-27T20:31:41.1931041Z   set-safe-directory: true
2025-07-27T20:31:41.1931767Z env:
2025-07-27T20:31:41.1932158Z   TF_VERSION: 1.7.5
2025-07-27T20:31:41.1932578Z   AWS_REGION: us-east-1
2025-07-27T20:31:41.1933024Z   PROJECT_NAME: tasky
2025-07-27T20:31:41.1933452Z   ENVIRONMENT: dev
2025-07-27T20:31:41.1933894Z   STACK_VERSION: v15
2025-07-27T20:31:41.1934307Z ##[endgroup]
2025-07-27T20:31:41.3018749Z Syncing repository: rmcveyhsawaknow/tasky-pivot-for-insight
2025-07-27T20:31:41.3020777Z ##[group]Getting Git version info
2025-07-27T20:31:41.3021721Z Working directory is '/home/runner/work/tasky-pivot-for-insight/tasky-pivot-for-insight'
2025-07-27T20:31:41.3023024Z [command]/usr/bin/git version
2025-07-27T20:31:41.3084691Z git version 2.50.1
2025-07-27T20:31:41.3123095Z ##[endgroup]
2025-07-27T20:31:41.3141898Z Temporarily overriding HOME='/home/runner/work/_temp/82616f1b-e239-46a6-9f55-77859d984d4a' before making global git config changes
2025-07-27T20:31:41.3143577Z Adding repository directory to the temporary git global config as a safe directory
2025-07-27T20:31:41.3159066Z [command]/usr/bin/git config --global --add safe.directory /home/runner/work/tasky-pivot-for-insight/tasky-pivot-for-insight
2025-07-27T20:31:41.3200418Z Deleting the contents of '/home/runner/work/tasky-pivot-for-insight/tasky-pivot-for-insight'
2025-07-27T20:31:41.3204517Z ##[group]Initializing the repository
2025-07-27T20:31:41.3210908Z [command]/usr/bin/git init /home/runner/work/tasky-pivot-for-insight/tasky-pivot-for-insight
2025-07-27T20:31:41.3286929Z hint: Using 'master' as the name for the initial branch. This default branch name
2025-07-27T20:31:41.3288552Z hint: is subject to change. To configure the initial branch name to use in all
2025-07-27T20:31:41.3290047Z hint: of your new repositories, which will suppress this warning, call:
2025-07-27T20:31:41.3291162Z hint:
2025-07-27T20:31:41.3291787Z hint: 	git config --global init.defaultBranch <name>
2025-07-27T20:31:41.3292366Z hint:
2025-07-27T20:31:41.3292979Z hint: Names commonly chosen instead of 'master' are 'main', 'trunk' and
2025-07-27T20:31:41.3293870Z hint: 'development'. The just-created branch can be renamed via this command:
2025-07-27T20:31:41.3294567Z hint:
2025-07-27T20:31:41.3294958Z hint: 	git branch -m <name>
2025-07-27T20:31:41.3295410Z hint:
2025-07-27T20:31:41.3296032Z hint: Disable this message with "git config set advice.defaultBranchName false"
2025-07-27T20:31:41.3297566Z Initialized empty Git repository in /home/runner/work/tasky-pivot-for-insight/tasky-pivot-for-insight/.git/
2025-07-27T20:31:41.3306333Z [command]/usr/bin/git remote add origin https://github.com/rmcveyhsawaknow/tasky-pivot-for-insight
2025-07-27T20:31:41.3349407Z ##[endgroup]
2025-07-27T20:31:41.3350160Z ##[group]Disabling automatic garbage collection
2025-07-27T20:31:41.3350820Z [command]/usr/bin/git config --local gc.auto 0
2025-07-27T20:31:41.3381757Z ##[endgroup]
2025-07-27T20:31:41.3382459Z ##[group]Setting up auth
2025-07-27T20:31:41.3391903Z [command]/usr/bin/git config --local --name-only --get-regexp core\.sshCommand
2025-07-27T20:31:41.3428323Z [command]/usr/bin/git submodule foreach --recursive sh -c "git config --local --name-only --get-regexp 'core\.sshCommand' && git config --local --unset-all 'core.sshCommand' || :"
2025-07-27T20:31:41.3708559Z [command]/usr/bin/git config --local --name-only --get-regexp http\.https\:\/\/github\.com\/\.extraheader
2025-07-27T20:31:41.3736632Z [command]/usr/bin/git submodule foreach --recursive sh -c "git config --local --name-only --get-regexp 'http\.https\:\/\/github\.com\/\.extraheader' && git config --local --unset-all 'http.https://github.com/.extraheader' || :"
2025-07-27T20:31:41.3956383Z [command]/usr/bin/git config --local http.https://github.com/.extraheader AUTHORIZATION: basic ***
2025-07-27T20:31:41.3997386Z ##[endgroup]
2025-07-27T20:31:41.4005396Z ##[group]Fetching the repository
2025-07-27T20:31:41.4007037Z [command]/usr/bin/git -c protocol.version=2 fetch --no-tags --prune --no-recurse-submodules --depth=1 origin +3f290581156f74841568d9c9eca95ebabe37c8f9:refs/remotes/origin/deploy/v15-quickstart
2025-07-27T20:31:42.1726735Z From https://github.com/rmcveyhsawaknow/tasky-pivot-for-insight
2025-07-27T20:31:42.1728975Z  * [new ref]         3f290581156f74841568d9c9eca95ebabe37c8f9 -> origin/deploy/v15-quickstart
2025-07-27T20:31:42.1749675Z ##[endgroup]
2025-07-27T20:31:42.1751360Z ##[group]Determining the checkout info
2025-07-27T20:31:42.1752995Z ##[endgroup]
2025-07-27T20:31:42.1757369Z [command]/usr/bin/git sparse-checkout disable
2025-07-27T20:31:42.1794017Z [command]/usr/bin/git config --local --unset-all extensions.worktreeConfig
2025-07-27T20:31:42.1820974Z ##[group]Checking out the ref
2025-07-27T20:31:42.1824486Z [command]/usr/bin/git checkout --progress --force -B deploy/v15-quickstart refs/remotes/origin/deploy/v15-quickstart
2025-07-27T20:31:42.3000037Z Switched to a new branch 'deploy/v15-quickstart'
2025-07-27T20:31:42.3002594Z branch 'deploy/v15-quickstart' set up to track 'origin/deploy/v15-quickstart'.
2025-07-27T20:31:42.3015697Z ##[endgroup]
2025-07-27T20:31:42.3052681Z [command]/usr/bin/git log -1 --format=%H
2025-07-27T20:31:42.3074519Z 3f290581156f74841568d9c9eca95ebabe37c8f9
2025-07-27T20:31:42.3375435Z ##[group]Run aws-actions/configure-aws-credentials@v4
2025-07-27T20:31:42.3376960Z with:
2025-07-27T20:31:42.3378426Z   role-to-assume: ***
2025-07-27T20:31:42.3379351Z   aws-region: us-east-1
2025-07-27T20:31:42.3380308Z   audience: sts.amazonaws.com
2025-07-27T20:31:42.3381285Z env:
2025-07-27T20:31:42.3382014Z   TF_VERSION: 1.7.5
2025-07-27T20:31:42.3382887Z   AWS_REGION: us-east-1
2025-07-27T20:31:42.3383815Z   PROJECT_NAME: tasky
2025-07-27T20:31:42.3384703Z   ENVIRONMENT: dev
2025-07-27T20:31:42.3445721Z   STACK_VERSION: v15
2025-07-27T20:31:42.3446844Z ##[endgroup]
2025-07-27T20:31:42.7488073Z Assuming role with OIDC
2025-07-27T20:31:43.0694402Z Authenticated as assumedRoleId AROASG7WNPAI6M3AFE467:GitHubActions
2025-07-27T20:31:43.1679680Z ##[group]Run hashicorp/setup-terraform@v3
2025-07-27T20:31:43.1680798Z with:
2025-07-27T20:31:43.1681558Z   terraform_version: 1.7.5
2025-07-27T20:31:43.1682656Z   cli_config_credentials_hostname: app.terraform.io
2025-07-27T20:31:43.1683905Z   terraform_wrapper: true
2025-07-27T20:31:43.1684791Z env:
2025-07-27T20:31:43.1685507Z   TF_VERSION: 1.7.5
2025-07-27T20:31:43.1686573Z   AWS_REGION: us-east-1
2025-07-27T20:31:43.1687483Z   PROJECT_NAME: tasky
2025-07-27T20:31:43.1688334Z   ENVIRONMENT: dev
2025-07-27T20:31:43.1689140Z   STACK_VERSION: v15
2025-07-27T20:31:43.1690002Z   AWS_DEFAULT_REGION: us-east-1
2025-07-27T20:31:43.1691162Z   AWS_ACCESS_KEY_ID: ***
2025-07-27T20:31:43.1692376Z   AWS_SECRET_ACCESS_KEY: ***
2025-07-27T20:31:43.1713880Z   AWS_SESSION_TOKEN: ***
2025-07-27T20:31:43.1714757Z ##[endgroup]
2025-07-27T20:31:43.6495020Z [command]/usr/bin/unzip -o -q /home/runner/work/_temp/0aa1f244-69ce-4a35-a92b-de694fc49271
2025-07-27T20:31:44.2330547Z ##[group]Run cat > terraform/terraform.tfvars << EOF
2025-07-27T20:31:44.2331010Z [36;1mcat > terraform/terraform.tfvars << EOF[0m
2025-07-27T20:31:44.2331340Z [36;1mproject_name = "tasky"[0m
2025-07-27T20:31:44.2331605Z [36;1menvironment = "dev"[0m
2025-07-27T20:31:44.2331858Z [36;1mstack_version = "v15"[0m
2025-07-27T20:31:44.2332118Z [36;1maws_region = "us-east-1"[0m
2025-07-27T20:31:44.2332428Z [36;1mmongodb_instance_type = "t3.micro"[0m
2025-07-27T20:31:44.2332711Z [36;1mvpc_cidr = "10.0.0.0/16"[0m
2025-07-27T20:31:44.2333080Z [36;1mmongodb_username = "***"[0m
2025-07-27T20:31:44.2333369Z [36;1mmongodb_password = "***"[0m
2025-07-27T20:31:44.2333645Z [36;1mmongodb_database_name = "go-mongodb"[0m
2025-07-27T20:31:44.2334025Z [36;1mjwt_secret = "***"[0m
2025-07-27T20:31:44.2334269Z [36;1mEOF[0m
2025-07-27T20:31:44.2367925Z shell: /usr/bin/bash -e {0}
2025-07-27T20:31:44.2368243Z env:
2025-07-27T20:31:44.2368433Z   TF_VERSION: 1.7.5
2025-07-27T20:31:44.2368684Z   AWS_REGION: us-east-1
2025-07-27T20:31:44.2368918Z   PROJECT_NAME: tasky
2025-07-27T20:31:44.2369139Z   ENVIRONMENT: dev
2025-07-27T20:31:44.2369348Z   STACK_VERSION: v15
2025-07-27T20:31:44.2369568Z   AWS_DEFAULT_REGION: us-east-1
2025-07-27T20:31:44.2369900Z   AWS_ACCESS_KEY_ID: ***
2025-07-27T20:31:44.2370243Z   AWS_SECRET_ACCESS_KEY: ***
2025-07-27T20:31:44.2375128Z   AWS_SESSION_TOKEN: ***
2025-07-27T20:31:44.2375501Z   TERRAFORM_CLI_PATH: /home/runner/work/_temp/983521bb-688c-4db7-8a7b-4efaea9b01a0
2025-07-27T20:31:44.2375892Z ##[endgroup]
2025-07-27T20:31:44.2482446Z ##[group]Run terraform fmt -check -recursive
2025-07-27T20:31:44.2482808Z [36;1mterraform fmt -check -recursive[0m
2025-07-27T20:31:44.2509699Z shell: /usr/bin/bash -e {0}
2025-07-27T20:31:44.2509991Z env:
2025-07-27T20:31:44.2510185Z   TF_VERSION: 1.7.5
2025-07-27T20:31:44.2510401Z   AWS_REGION: us-east-1
2025-07-27T20:31:44.2510800Z   PROJECT_NAME: tasky
2025-07-27T20:31:44.2511017Z   ENVIRONMENT: dev
2025-07-27T20:31:44.2511222Z   STACK_VERSION: v15
2025-07-27T20:31:44.2511443Z   AWS_DEFAULT_REGION: us-east-1
2025-07-27T20:31:44.2511760Z   AWS_ACCESS_KEY_ID: ***
2025-07-27T20:31:44.2512079Z   AWS_SECRET_ACCESS_KEY: ***
2025-07-27T20:31:44.2517272Z   AWS_SESSION_TOKEN: ***
2025-07-27T20:31:44.2517637Z   TERRAFORM_CLI_PATH: /home/runner/work/_temp/983521bb-688c-4db7-8a7b-4efaea9b01a0
2025-07-27T20:31:44.2518011Z ##[endgroup]
2025-07-27T20:31:45.7035031Z terraform.tfvars
2025-07-27T20:31:45.7206067Z ##[error]Terraform exited with code 3.
2025-07-27T20:31:45.7450623Z ##[error]Process completed with exit code 1.
2025-07-27T20:31:45.7501980Z ##[group]Run terraform init -backend-config=backend-prod.hcl
2025-07-27T20:31:45.7502438Z [36;1mterraform init -backend-config=backend-prod.hcl[0m
2025-07-27T20:31:45.7530048Z shell: /usr/bin/bash -e {0}
2025-07-27T20:31:45.7530297Z env:
2025-07-27T20:31:45.7530482Z   TF_VERSION: 1.7.5
2025-07-27T20:31:45.7530708Z   AWS_REGION: us-east-1
2025-07-27T20:31:45.7530931Z   PROJECT_NAME: tasky
2025-07-27T20:31:45.7531148Z   ENVIRONMENT: dev
2025-07-27T20:31:45.7531361Z   STACK_VERSION: v15
2025-07-27T20:31:45.7531579Z   AWS_DEFAULT_REGION: us-east-1
2025-07-27T20:31:45.7532080Z   AWS_ACCESS_KEY_ID: ***
2025-07-27T20:31:45.7532417Z   AWS_SECRET_ACCESS_KEY: ***
2025-07-27T20:31:45.7537528Z   AWS_SESSION_TOKEN: ***
2025-07-27T20:31:45.7537911Z   TERRAFORM_CLI_PATH: /home/runner/work/_temp/983521bb-688c-4db7-8a7b-4efaea9b01a0
2025-07-27T20:31:45.7538309Z ##[endgroup]
2025-07-27T20:31:45.8587677Z 
2025-07-27T20:31:45.8588565Z [0m[1mInitializing the backend...[0m
2025-07-27T20:31:45.8602035Z [0m[1mInitializing modules...[0m
2025-07-27T20:31:45.8648795Z - eks in modules/eks
2025-07-27T20:31:45.8668989Z - mongodb_ec2 in modules/mongodb-ec2
2025-07-27T20:31:45.8678408Z - s3_backup in modules/s3-backup
2025-07-27T20:31:45.8695765Z - vpc in modules/vpc
2025-07-27T20:31:45.8720167Z 
2025-07-27T20:31:45.8721001Z [0m[1mInitializing provider plugins...[0m
2025-07-27T20:31:45.8721770Z - Reusing previous version of hashicorp/helm from the dependency lock file
2025-07-27T20:31:46.1707719Z - Reusing previous version of hashicorp/aws from the dependency lock file
2025-07-27T20:31:46.1889703Z - Reusing previous version of hashicorp/tls from the dependency lock file
2025-07-27T20:31:46.2040449Z - Reusing previous version of hashicorp/random from the dependency lock file
2025-07-27T20:31:46.2195442Z - Reusing previous version of hashicorp/kubernetes from the dependency lock file
2025-07-27T20:31:46.3317499Z - Installing hashicorp/helm v2.17.0...
2025-07-27T20:31:47.1330072Z - Installed hashicorp/helm v2.17.0 (signed by HashiCorp)
2025-07-27T20:31:47.1610163Z - Installing hashicorp/aws v5.100.0...
2025-07-27T20:31:54.2825021Z - Installed hashicorp/aws v5.100.0 (signed by HashiCorp)
2025-07-27T20:31:54.3212837Z - Installing hashicorp/tls v4.1.0...
2025-07-27T20:31:54.6400427Z - Installed hashicorp/tls v4.1.0 (signed by HashiCorp)
2025-07-27T20:31:54.6695121Z - Installing hashicorp/random v3.7.2...
2025-07-27T20:31:54.9395920Z - Installed hashicorp/random v3.7.2 (signed by HashiCorp)
2025-07-27T20:31:54.9747013Z - Installing hashicorp/kubernetes v2.37.1...
2025-07-27T20:31:55.8059535Z - Installed hashicorp/kubernetes v2.37.1 (signed by HashiCorp)
2025-07-27T20:31:55.8060155Z 
2025-07-27T20:31:55.8062861Z [33m[33m╷[0m[0m
2025-07-27T20:31:55.8063723Z [33m│[0m [0m[1m[33mWarning: [0m[0m[1mMissing backend configuration[0m
2025-07-27T20:31:55.8064317Z [33m│[0m [0m
2025-07-27T20:31:55.8064903Z [33m│[0m [0m[0m-backend-config was used without a "backend" block in the configuration.
2025-07-27T20:31:55.8065500Z [33m│[0m [0m
2025-07-27T20:31:55.8065996Z [33m│[0m [0mIf you intended to override the default local backend configuration,
2025-07-27T20:31:55.8067054Z [33m│[0m [0mno action is required, but you may add an explicit backend block to your
2025-07-27T20:31:55.8067645Z [33m│[0m [0mconfiguration to clear this warning:
2025-07-27T20:31:55.8068443Z [33m│[0m [0m
2025-07-27T20:31:55.8068766Z [33m│[0m [0mterraform {
2025-07-27T20:31:55.8069182Z [33m│[0m [0m  backend "local" {}
2025-07-27T20:31:55.8069539Z [33m│[0m [0m}
2025-07-27T20:31:55.8069804Z [33m│[0m [0m
2025-07-27T20:31:55.8070317Z [33m│[0m [0mHowever, if you intended to override a defined backend, please verify that
2025-07-27T20:31:55.8070984Z [33m│[0m [0mthe backend configuration is present and valid.
2025-07-27T20:31:55.8071419Z [33m│[0m [0m
2025-07-27T20:31:55.8071697Z [33m╵[0m[0m
2025-07-27T20:31:55.8071951Z [0m[0m
2025-07-27T20:31:55.8072589Z [0m[1m[32mTerraform has been successfully initialized![0m[32m[0m
2025-07-27T20:31:55.8073048Z [0m[32m
2025-07-27T20:31:55.8073434Z You may now begin working with Terraform. Try running "terraform plan" to see
2025-07-27T20:31:55.8074078Z any changes that are required for your infrastructure. All Terraform commands
2025-07-27T20:31:55.8074558Z should now work.
2025-07-27T20:31:55.8074726Z 
2025-07-27T20:31:55.8074963Z If you ever set or change modules or backend configuration for Terraform,
2025-07-27T20:31:55.8075589Z rerun this command to reinitialize your working directory. If you forget, other
2025-07-27T20:31:55.8076476Z commands will detect it and remind you to do so if necessary.[0m
2025-07-27T20:31:55.8186423Z ##[group]Run terraform validate -no-color
2025-07-27T20:31:55.8186898Z [36;1mterraform validate -no-color[0m
2025-07-27T20:31:55.8214148Z shell: /usr/bin/bash -e {0}
2025-07-27T20:31:55.8214390Z env:
2025-07-27T20:31:55.8214577Z   TF_VERSION: 1.7.5
2025-07-27T20:31:55.8214793Z   AWS_REGION: us-east-1
2025-07-27T20:31:55.8215017Z   PROJECT_NAME: tasky
2025-07-27T20:31:55.8215234Z   ENVIRONMENT: dev
2025-07-27T20:31:55.8215442Z   STACK_VERSION: v15
2025-07-27T20:31:55.8215657Z   AWS_DEFAULT_REGION: us-east-1
2025-07-27T20:31:55.8215991Z   AWS_ACCESS_KEY_ID: ***
2025-07-27T20:31:55.8216535Z   AWS_SECRET_ACCESS_KEY: ***
2025-07-27T20:31:55.8221470Z   AWS_SESSION_TOKEN: ***
2025-07-27T20:31:55.8221857Z   TERRAFORM_CLI_PATH: /home/runner/work/_temp/983521bb-688c-4db7-8a7b-4efaea9b01a0
2025-07-27T20:31:55.8222232Z ##[endgroup]
2025-07-27T20:31:58.1076546Z Success! The configuration is valid.
2025-07-27T20:31:58.1076929Z 
2025-07-27T20:31:58.1208825Z ##[group]Run terraform plan -no-color -out=tfplan
2025-07-27T20:31:58.1209239Z [36;1mterraform plan -no-color -out=tfplan[0m
2025-07-27T20:31:58.1237350Z shell: /usr/bin/bash -e {0}
2025-07-27T20:31:58.1237587Z env:
2025-07-27T20:31:58.1237771Z   TF_VERSION: 1.7.5
2025-07-27T20:31:58.1237983Z   AWS_REGION: us-east-1
2025-07-27T20:31:58.1238203Z   PROJECT_NAME: tasky
2025-07-27T20:31:58.1238411Z   ENVIRONMENT: dev
2025-07-27T20:31:58.1238613Z   STACK_VERSION: v15
2025-07-27T20:31:58.1238825Z   AWS_DEFAULT_REGION: us-east-1
2025-07-27T20:31:58.1239149Z   AWS_ACCESS_KEY_ID: ***
2025-07-27T20:31:58.1239470Z   AWS_SECRET_ACCESS_KEY: ***
2025-07-27T20:31:58.1244386Z   AWS_SESSION_TOKEN: ***
2025-07-27T20:31:58.1244755Z   TERRAFORM_CLI_PATH: /home/runner/work/_temp/983521bb-688c-4db7-8a7b-4efaea9b01a0
2025-07-27T20:31:58.1245143Z ##[endgroup]
2025-07-27T20:32:01.2435446Z data.aws_availability_zones.available: Reading...
2025-07-27T20:32:01.2436797Z module.vpc.data.aws_region.current: Reading...
2025-07-27T20:32:01.2437705Z data.aws_caller_identity.current: Reading...
2025-07-27T20:32:01.2512058Z module.vpc.data.aws_region.current: Read complete after 0s [id=us-east-1]
2025-07-27T20:32:01.2513161Z module.mongodb_ec2.data.aws_ami.amazon_linux_2: Reading...
2025-07-27T20:32:01.3169418Z data.aws_caller_identity.current: Read complete after 0s [id=152451250193]
2025-07-27T20:32:01.6478240Z data.aws_availability_zones.available: Read complete after 1s [id=us-east-1]
2025-07-27T20:32:01.9768458Z module.mongodb_ec2.data.aws_ami.amazon_linux_2: Read complete after 1s [id=ami-083e865b97bdf1c1b]
2025-07-27T20:32:02.2176725Z 
2025-07-27T20:32:02.2178841Z Terraform used the selected providers to generate the following execution
2025-07-27T20:32:02.2181216Z plan. Resource actions are indicated with the following symbols:
2025-07-27T20:32:02.2181872Z   + create
2025-07-27T20:32:02.2182230Z  <= read (data resources)
2025-07-27T20:32:02.2182479Z 
2025-07-27T20:32:02.2182703Z Terraform will perform the following actions:
2025-07-27T20:32:02.2183055Z 
2025-07-27T20:32:02.2183621Z   # module.eks.data.aws_iam_policy_document.aws_load_balancer_controller_assume_role_policy will be read during apply
2025-07-27T20:32:02.2184492Z   # (config refers to values not yet known)
2025-07-27T20:32:02.2185161Z  <= data "aws_iam_policy_document" "aws_load_balancer_controller_assume_role_policy" {
2025-07-27T20:32:02.2185929Z       + id            = (known after apply)
2025-07-27T20:32:02.2186566Z       + json          = (known after apply)
2025-07-27T20:32:02.2187033Z       + minified_json = (known after apply)
2025-07-27T20:32:02.2187344Z 
2025-07-27T20:32:02.2187481Z       + statement {
2025-07-27T20:32:02.2187875Z           + actions = [
2025-07-27T20:32:02.2188340Z               + "sts:AssumeRoleWithWebIdentity",
2025-07-27T20:32:02.2188829Z             ]
2025-07-27T20:32:02.2189180Z           + effect  = "Allow"
2025-07-27T20:32:02.2189421Z 
2025-07-27T20:32:02.2189571Z           + condition {
2025-07-27T20:32:02.2189967Z               + test     = "StringEquals"
2025-07-27T20:32:02.2190412Z               + values   = [
2025-07-27T20:32:02.2190986Z                   + "system:serviceaccount:kube-system:aws-load-balancer-controller",
2025-07-27T20:32:02.2191568Z                 ]
2025-07-27T20:32:02.2191950Z               + variable = (known after apply)
2025-07-27T20:32:02.2192406Z             }
2025-07-27T20:32:02.2192622Z 
2025-07-27T20:32:02.2192775Z           + principals {
2025-07-27T20:32:02.2193194Z               + identifiers = [
2025-07-27T20:32:02.2193629Z                   + (known after apply),
2025-07-27T20:32:02.2194068Z                 ]
2025-07-27T20:32:02.2194468Z               + type        = "Federated"
2025-07-27T20:32:02.2194919Z             }
2025-07-27T20:32:02.2195259Z         }
2025-07-27T20:32:02.2195558Z     }
2025-07-27T20:32:02.2195743Z 
2025-07-27T20:32:02.2196017Z   # module.eks.data.tls_certificate.eks will be read during apply
2025-07-27T20:32:02.2197253Z   # (config refers to values not yet known)
2025-07-27T20:32:02.2197752Z  <= data "tls_certificate" "eks" {
2025-07-27T20:32:02.2198250Z       + certificates = (known after apply)
2025-07-27T20:32:02.2198715Z       + id           = (known after apply)
2025-07-27T20:32:02.2199158Z       + url          = (known after apply)
2025-07-27T20:32:02.2199564Z     }
2025-07-27T20:32:02.2199720Z 
2025-07-27T20:32:02.2199942Z   # module.eks.aws_eks_addon.coredns will be created
2025-07-27T20:32:02.2200457Z   + resource "aws_eks_addon" "coredns" {
2025-07-27T20:32:02.2200910Z       + addon_name           = "coredns"
2025-07-27T20:32:02.2201362Z       + addon_version        = "v1.10.1-eksbuild.5"
2025-07-27T20:32:02.2201864Z       + arn                  = (known after apply)
2025-07-27T20:32:02.2202489Z       + cluster_name         = "tasky-dev-v15-eks-cluster"
2025-07-27T20:32:02.2203079Z       + configuration_values = (known after apply)
2025-07-27T20:32:02.2203609Z       + created_at           = (known after apply)
2025-07-27T20:32:02.2204113Z       + id                   = (known after apply)
2025-07-27T20:32:02.2204773Z       + modified_at          = (known after apply)
2025-07-27T20:32:02.2205233Z       + tags                 = (known after apply)
2025-07-27T20:32:02.2205719Z       + tags_all             = (known after apply)
2025-07-27T20:32:02.2206378Z     }
2025-07-27T20:32:02.2206584Z 
2025-07-27T20:32:02.2206797Z   # module.eks.aws_eks_addon.ebs_csi will be created
2025-07-27T20:32:02.2207337Z   + resource "aws_eks_addon" "ebs_csi" {
2025-07-27T20:32:02.2207879Z       + addon_name           = "aws-ebs-csi-driver"
2025-07-27T20:32:02.2208397Z       + addon_version        = "v1.24.0-eksbuild.1"
2025-07-27T20:32:02.2208865Z       + arn                  = (known after apply)
2025-07-27T20:32:02.2209885Z       + cluster_name         = "tasky-dev-v15-eks-cluster"
2025-07-27T20:32:02.2210438Z       + configuration_values = (known after apply)
2025-07-27T20:32:02.2210933Z       + created_at           = (known after apply)
2025-07-27T20:32:02.2211407Z       + id                   = (known after apply)
2025-07-27T20:32:02.2211882Z       + modified_at          = (known after apply)
2025-07-27T20:32:02.2212360Z       + tags                 = (known after apply)
2025-07-27T20:32:02.2212856Z       + tags_all             = (known after apply)
2025-07-27T20:32:02.2213290Z     }
2025-07-27T20:32:02.2213452Z 
2025-07-27T20:32:02.2213684Z   # module.eks.aws_eks_addon.kube_proxy will be created
2025-07-27T20:32:02.2214515Z   + resource "aws_eks_addon" "kube_proxy" {
2025-07-27T20:32:02.2215080Z       + addon_name           = "kube-proxy"
2025-07-27T20:32:02.2215597Z       + addon_version        = "v1.28.2-eksbuild.2"
2025-07-27T20:32:02.2216413Z       + arn                  = (known after apply)
2025-07-27T20:32:02.2217039Z       + cluster_name         = "tasky-dev-v15-eks-cluster"
2025-07-27T20:32:02.2217606Z       + configuration_values = (known after apply)
2025-07-27T20:32:02.2218122Z       + created_at           = (known after apply)
2025-07-27T20:32:02.2218637Z       + id                   = (known after apply)
2025-07-27T20:32:02.2219120Z       + modified_at          = (known after apply)
2025-07-27T20:32:02.2219627Z       + tags                 = (known after apply)
2025-07-27T20:32:02.2220125Z       + tags_all             = (known after apply)
2025-07-27T20:32:02.2220592Z     }
2025-07-27T20:32:02.2220785Z 
2025-07-27T20:32:02.2221006Z   # module.eks.aws_eks_addon.vpc_cni will be created
2025-07-27T20:32:02.2221589Z   + resource "aws_eks_addon" "vpc_cni" {
2025-07-27T20:32:02.2222066Z       + addon_name           = "vpc-cni"
2025-07-27T20:32:02.2222822Z       + addon_version        = "v1.15.1-eksbuild.1"
2025-07-27T20:32:02.2223327Z       + arn                  = (known after apply)
2025-07-27T20:32:02.2223886Z       + cluster_name         = "tasky-dev-v15-eks-cluster"
2025-07-27T20:32:02.2224498Z       + configuration_values = (known after apply)
2025-07-27T20:32:02.2225007Z       + created_at           = (known after apply)
2025-07-27T20:32:02.2225943Z       + id                   = (known after apply)
2025-07-27T20:32:02.2226713Z       + modified_at          = (known after apply)
2025-07-27T20:32:02.2227246Z       + tags                 = (known after apply)
2025-07-27T20:32:02.2227779Z       + tags_all             = (known after apply)
2025-07-27T20:32:02.2228232Z     }
2025-07-27T20:32:02.2228398Z 
2025-07-27T20:32:02.2228652Z   # module.eks.aws_eks_cluster.main will be created
2025-07-27T20:32:02.2229222Z   + resource "aws_eks_cluster" "main" {
2025-07-27T20:32:02.2229738Z       + arn                           = (known after apply)
2025-07-27T20:32:02.2230272Z       + bootstrap_self_managed_addons = true
2025-07-27T20:32:02.2230806Z       + certificate_authority         = (known after apply)
2025-07-27T20:32:02.2231385Z       + cluster_id                    = (known after apply)
2025-07-27T20:32:02.2231963Z       + created_at                    = (known after apply)
2025-07-27T20:32:02.2232519Z       + enabled_cluster_log_types     = [
2025-07-27T20:32:02.2233004Z           + "api",
2025-07-27T20:32:02.2233369Z           + "audit",
2025-07-27T20:32:02.2233736Z           + "authenticator",
2025-07-27T20:32:02.2234186Z           + "controllerManager",
2025-07-27T20:32:02.2234602Z           + "scheduler",
2025-07-27T20:32:02.2234990Z         ]
2025-07-27T20:32:02.2235379Z       + endpoint                      = (known after apply)
2025-07-27T20:32:02.2235890Z       + id                            = (known after apply)
2025-07-27T20:32:02.2236563Z       + identity                      = (known after apply)
2025-07-27T20:32:02.2237107Z       + name                          = "tasky-dev-v15-eks-cluster"
2025-07-27T20:32:02.2237713Z       + platform_version              = (known after apply)
2025-07-27T20:32:02.2238253Z       + role_arn                      = (known after apply)
2025-07-27T20:32:02.2239279Z       + status                        = (known after apply)
2025-07-27T20:32:02.2239845Z       + tags                          = (known after apply)
2025-07-27T20:32:02.2240453Z       + tags_all                      = (known after apply)
2025-07-27T20:32:02.2241002Z       + version                       = "1.28"
2025-07-27T20:32:02.2241365Z 
2025-07-27T20:32:02.2241520Z       + vpc_config {
2025-07-27T20:32:02.2242014Z           + cluster_security_group_id = (known after apply)
2025-07-27T20:32:02.2242629Z           + endpoint_private_access   = true
2025-07-27T20:32:02.2243157Z           + endpoint_public_access    = true
2025-07-27T20:32:02.2243739Z           + public_access_cidrs       = (known after apply)
2025-07-27T20:32:02.2244344Z           + security_group_ids        = (known after apply)
2025-07-27T20:32:02.2244929Z           + subnet_ids                = (known after apply)
2025-07-27T20:32:02.2245446Z           + vpc_id                    = (known after apply)
2025-07-27T20:32:02.2245933Z         }
2025-07-27T20:32:02.2246601Z     }
2025-07-27T20:32:02.2246783Z 
2025-07-27T20:32:02.2246991Z   # module.eks.aws_eks_node_group.main will be created
2025-07-27T20:32:02.2247563Z   + resource "aws_eks_node_group" "main" {
2025-07-27T20:32:02.2248052Z       + ami_type               = (known after apply)
2025-07-27T20:32:02.2248571Z       + arn                    = (known after apply)
2025-07-27T20:32:02.2249077Z       + capacity_type          = "ON_DEMAND"
2025-07-27T20:32:02.2249642Z       + cluster_name           = "tasky-dev-v15-eks-cluster"
2025-07-27T20:32:02.2250225Z       + disk_size              = (known after apply)
2025-07-27T20:32:02.2250747Z       + id                     = (known after apply)
2025-07-27T20:32:02.2251246Z       + instance_types         = [
2025-07-27T20:32:02.2251674Z           + "t3.medium",
2025-07-27T20:32:02.2252044Z         ]
2025-07-27T20:32:02.2252459Z       + node_group_name        = "tasky-dev-v15-eks-nodes"
2025-07-27T20:32:02.2253048Z       + node_group_name_prefix = (known after apply)
2025-07-27T20:32:02.2253584Z       + node_role_arn          = (known after apply)
2025-07-27T20:32:02.2254388Z       + release_version        = (known after apply)
2025-07-27T20:32:02.2254896Z       + resources              = (known after apply)
2025-07-27T20:32:02.2255386Z       + status                 = (known after apply)
2025-07-27T20:32:02.2255887Z       + subnet_ids             = (known after apply)
2025-07-27T20:32:02.2256679Z       + tags                   = (known after apply)
2025-07-27T20:32:02.2257153Z       + tags_all               = (known after apply)
2025-07-27T20:32:02.2257628Z       + version                = (known after apply)
2025-07-27T20:32:02.2257957Z 
2025-07-27T20:32:02.2258098Z       + scaling_config {
2025-07-27T20:32:02.2258497Z           + desired_size = 2
2025-07-27T20:32:02.2258903Z           + max_size     = 3
2025-07-27T20:32:02.2259318Z           + min_size     = 1
2025-07-27T20:32:02.2259731Z         }
2025-07-27T20:32:02.2259911Z 
2025-07-27T20:32:02.2260081Z       + update_config {
2025-07-27T20:32:02.2260482Z           + max_unavailable = 1
2025-07-27T20:32:02.2260899Z         }
2025-07-27T20:32:02.2261207Z     }
2025-07-27T20:32:02.2261410Z 
2025-07-27T20:32:02.2261697Z   # module.eks.aws_iam_openid_connect_provider.eks will be created
2025-07-27T20:32:02.2262364Z   + resource "aws_iam_openid_connect_provider" "eks" {
2025-07-27T20:32:02.2262918Z       + arn             = (known after apply)
2025-07-27T20:32:02.2263354Z       + client_id_list  = [
2025-07-27T20:32:02.2263751Z           + "sts.amazonaws.com",
2025-07-27T20:32:02.2264145Z         ]
2025-07-27T20:32:02.2264478Z       + id              = (known after apply)
2025-07-27T20:32:02.2264971Z       + tags            = (known after apply)
2025-07-27T20:32:02.2265476Z       + tags_all        = (known after apply)
2025-07-27T20:32:02.2265980Z       + thumbprint_list = (known after apply)
2025-07-27T20:32:02.2266714Z       + url             = (known after apply)
2025-07-27T20:32:02.2267599Z     }
2025-07-27T20:32:02.2267798Z 
2025-07-27T20:32:02.2268129Z   # module.eks.aws_iam_policy.aws_load_balancer_controller will be created
2025-07-27T20:32:02.2268877Z   + resource "aws_iam_policy" "aws_load_balancer_controller" {
2025-07-27T20:32:02.2269469Z       + arn              = (known after apply)
2025-07-27T20:32:02.2269959Z       + attachment_count = (known after apply)
2025-07-27T20:32:02.2270450Z       + id               = (known after apply)
2025-07-27T20:32:02.2271054Z       + name             = "tasky-dev-v15-AWSLoadBalancerControllerPolicy"
2025-07-27T20:32:02.2271670Z       + name_prefix      = (known after apply)
2025-07-27T20:32:02.2272162Z       + path             = "/"
2025-07-27T20:32:02.2272603Z       + policy           = jsonencode(
2025-07-27T20:32:02.2273084Z             {
2025-07-27T20:32:02.2273441Z               + Statement = [
2025-07-27T20:32:02.2273852Z                   + {
2025-07-27T20:32:02.2274241Z                       + Action   = [
2025-07-27T20:32:02.2274721Z                           + "iam:CreateServiceLinkedRole",
2025-07-27T20:32:02.2275245Z                           + "ec2:DescribeAccountAttributes",
2025-07-27T20:32:02.2275784Z                           + "ec2:DescribeAddresses",
2025-07-27T20:32:02.2276702Z                           + "ec2:DescribeAvailabilityZones",
2025-07-27T20:32:02.2277268Z                           + "ec2:DescribeInternetGateways",
2025-07-27T20:32:02.2277794Z                           + "ec2:DescribeVpcs",
2025-07-27T20:32:02.2278347Z                           + "ec2:DescribeSubnets",
2025-07-27T20:32:02.2278952Z                           + "ec2:DescribeSecurityGroups",
2025-07-27T20:32:02.2279491Z                           + "ec2:DescribeInstances",
2025-07-27T20:32:02.2280060Z                           + "ec2:DescribeNetworkInterfaces",
2025-07-27T20:32:02.2280636Z                           + "ec2:DescribeTags",
2025-07-27T20:32:02.2281193Z                           + "ec2:GetCoipPoolUsage",
2025-07-27T20:32:02.2281765Z                           + "ec2:DescribeCoipPools",
2025-07-27T20:32:02.2282396Z                           + "elasticloadbalancing:DescribeLoadBalancers",
2025-07-27T20:32:02.2283653Z                           + "elasticloadbalancing:DescribeLoadBalancerAttributes",
2025-07-27T20:32:02.2284369Z                           + "elasticloadbalancing:DescribeListeners",
2025-07-27T20:32:02.2285016Z                           + "elasticloadbalancing:DescribeListenerAttributes",
2025-07-27T20:32:02.2285864Z                           + "elasticloadbalancing:DescribeListenerCertificates",
2025-07-27T20:32:02.2286716Z                           + "elasticloadbalancing:DescribeSSLPolicies",
2025-07-27T20:32:02.2287371Z                           + "elasticloadbalancing:DescribeRules",
2025-07-27T20:32:02.2287991Z                           + "elasticloadbalancing:DescribeTargetGroups",
2025-07-27T20:32:02.2288698Z                           + "elasticloadbalancing:DescribeTargetGroupAttributes",
2025-07-27T20:32:02.2289418Z                           + "elasticloadbalancing:DescribeTargetHealth",
2025-07-27T20:32:02.2290050Z                           + "elasticloadbalancing:DescribeTags",
2025-07-27T20:32:02.2290622Z                         ]
2025-07-27T20:32:02.2291070Z                       + Effect   = "Allow"
2025-07-27T20:32:02.2291588Z                       + Resource = "*"
2025-07-27T20:32:02.2292050Z                     },
2025-07-27T20:32:02.2292428Z                   + {
2025-07-27T20:32:02.2292811Z                       + Action   = [
2025-07-27T20:32:02.2293319Z                           + "cognito-idp:DescribeUserPoolClient",
2025-07-27T20:32:02.2293909Z                           + "acm:ListCertificates",
2025-07-27T20:32:02.2294484Z                           + "acm:DescribeCertificate",
2025-07-27T20:32:02.2295040Z                           + "iam:ListServerCertificates",
2025-07-27T20:32:02.2295629Z                           + "iam:GetServerCertificate",
2025-07-27T20:32:02.2296830Z                           + "waf-regional:GetWebACL",
2025-07-27T20:32:02.2297377Z                           + "waf-regional:GetWebACLForResource",
2025-07-27T20:32:02.2298043Z                           + "waf-regional:AssociateWebACL",
2025-07-27T20:32:02.2298651Z                           + "waf-regional:DisassociateWebACL",
2025-07-27T20:32:02.2299244Z                           + "wafv2:GetWebACL",
2025-07-27T20:32:02.2299779Z                           + "wafv2:GetWebACLForResource",
2025-07-27T20:32:02.2300347Z                           + "wafv2:AssociateWebACL",
2025-07-27T20:32:02.2300902Z                           + "wafv2:DisassociateWebACL",
2025-07-27T20:32:02.2301458Z                           + "shield:DescribeProtection",
2025-07-27T20:32:02.2302019Z                           + "shield:DescribeSubscription",
2025-07-27T20:32:02.2302541Z                           + "shield:CreateProtection",
2025-07-27T20:32:02.2303069Z                           + "shield:DeleteProtection",
2025-07-27T20:32:02.2303646Z                         ]
2025-07-27T20:32:02.2304072Z                       + Effect   = "Allow"
2025-07-27T20:32:02.2304578Z                       + Resource = "*"
2025-07-27T20:32:02.2305065Z                     },
2025-07-27T20:32:02.2305479Z                   + {
2025-07-27T20:32:02.2305888Z                       + Action   = [
2025-07-27T20:32:02.2306685Z                           + "ec2:AuthorizeSecurityGroupIngress",
2025-07-27T20:32:02.2307297Z                           + "ec2:RevokeSecurityGroupIngress",
2025-07-27T20:32:02.2307827Z                         ]
2025-07-27T20:32:02.2308273Z                       + Effect   = "Allow"
2025-07-27T20:32:02.2308808Z                       + Resource = "*"
2025-07-27T20:32:02.2309277Z                     },
2025-07-27T20:32:02.2309673Z                   + {
2025-07-27T20:32:02.2310046Z                       + Action   = [
2025-07-27T20:32:02.2310508Z                           + "ec2:CreateSecurityGroup",
2025-07-27T20:32:02.2311001Z                         ]
2025-07-27T20:32:02.2311432Z                       + Effect   = "Allow"
2025-07-27T20:32:02.2311928Z                       + Resource = "*"
2025-07-27T20:32:02.2312383Z                     },
2025-07-27T20:32:02.2313215Z                   + {
2025-07-27T20:32:02.2313618Z                       + Action    = [
2025-07-27T20:32:02.2314097Z                           + "ec2:CreateTags",
2025-07-27T20:32:02.2314550Z                         ]
2025-07-27T20:32:02.2314944Z                       + Condition = {
2025-07-27T20:32:02.2315393Z                           + Null         = {
2025-07-27T20:32:02.2315942Z                               + "aws:RequestedRegion" = "false"
2025-07-27T20:32:02.2316684Z                             }
2025-07-27T20:32:02.2317137Z                           + StringEquals = {
2025-07-27T20:32:02.2317703Z                               + "ec2:CreateAction" = "CreateSecurityGroup"
2025-07-27T20:32:02.2318272Z                             }
2025-07-27T20:32:02.2318729Z                         }
2025-07-27T20:32:02.2319186Z                       + Effect    = "Allow"
2025-07-27T20:32:02.2319760Z                       + Resource  = "arn:aws:ec2:*:*:security-group/*"
2025-07-27T20:32:02.2320299Z                     },
2025-07-27T20:32:02.2320730Z                   + {
2025-07-27T20:32:02.2321136Z                       + Action    = [
2025-07-27T20:32:02.2321690Z                           + "elasticloadbalancing:CreateLoadBalancer",
2025-07-27T20:32:02.2322331Z                           + "elasticloadbalancing:CreateTargetGroup",
2025-07-27T20:32:02.2322887Z                         ]
2025-07-27T20:32:02.2323321Z                       + Condition = {
2025-07-27T20:32:02.2323816Z                           + Null = {
2025-07-27T20:32:02.2324301Z                               + "aws:RequestedRegion" = "false"
2025-07-27T20:32:02.2324814Z                             }
2025-07-27T20:32:02.2325233Z                         }
2025-07-27T20:32:02.2325646Z                       + Effect    = "Allow"
2025-07-27T20:32:02.2326668Z                       + Resource  = "*"
2025-07-27T20:32:02.2327127Z                     },
2025-07-27T20:32:02.2327508Z                   + {
2025-07-27T20:32:02.2327889Z                       + Action   = [
2025-07-27T20:32:02.2328414Z                           + "elasticloadbalancing:CreateListener",
2025-07-27T20:32:02.2328990Z                           + "elasticloadbalancing:DeleteListener",
2025-07-27T20:32:02.2329595Z                           + "elasticloadbalancing:CreateRule",
2025-07-27T20:32:02.2330170Z                           + "elasticloadbalancing:DeleteRule",
2025-07-27T20:32:02.2330675Z                         ]
2025-07-27T20:32:02.2331087Z                       + Effect   = "Allow"
2025-07-27T20:32:02.2331562Z                       + Resource = "*"
2025-07-27T20:32:02.2332015Z                     },
2025-07-27T20:32:02.2332381Z                   + {
2025-07-27T20:32:02.2332760Z                       + Action    = [
2025-07-27T20:32:02.2333246Z                           + "elasticloadbalancing:AddTags",
2025-07-27T20:32:02.2333858Z                           + "elasticloadbalancing:RemoveTags",
2025-07-27T20:32:02.2334384Z                         ]
2025-07-27T20:32:02.2334809Z                       + Condition = {
2025-07-27T20:32:02.2335278Z                           + Null = {
2025-07-27T20:32:02.2335815Z                               + "aws:RequestedRegion"                   = "false"
2025-07-27T20:32:02.2336668Z                               + "aws:ResourceTag/elbv2.k8s.aws/cluster" = "false"
2025-07-27T20:32:02.2337247Z                             }
2025-07-27T20:32:02.2337657Z                         }
2025-07-27T20:32:02.2338071Z                       + Effect    = "Allow"
2025-07-27T20:32:02.2338546Z                       + Resource  = [
2025-07-27T20:32:02.2339122Z                           + "arn:aws:elasticloadbalancing:*:*:targetgroup/*/*",
2025-07-27T20:32:02.2339839Z                           + "arn:aws:elasticloadbalancing:*:*:loadbalancer/net/*/*",
2025-07-27T20:32:02.2340564Z                           + "arn:aws:elasticloadbalancing:*:*:loadbalancer/app/*/*",
2025-07-27T20:32:02.2341149Z                         ]
2025-07-27T20:32:02.2341555Z                     },
2025-07-27T20:32:02.2342367Z                   + {
2025-07-27T20:32:02.2342757Z                       + Action   = [
2025-07-27T20:32:02.2343260Z                           + "elasticloadbalancing:AddTags",
2025-07-27T20:32:02.2343845Z                           + "elasticloadbalancing:RemoveTags",
2025-07-27T20:32:02.2344310Z                         ]
2025-07-27T20:32:02.2344663Z                       + Effect   = "Allow"
2025-07-27T20:32:02.2345075Z                       + Resource = [
2025-07-27T20:32:02.2345559Z                           + "arn:aws:elasticloadbalancing:*:*:listener/net/*/*/*",
2025-07-27T20:32:02.2346347Z                           + "arn:aws:elasticloadbalancing:*:*:listener/app/*/*/*",
2025-07-27T20:32:02.2347251Z                           + "arn:aws:elasticloadbalancing:*:*:listener-rule/net/*/*/*",
2025-07-27T20:32:02.2347958Z                           + "arn:aws:elasticloadbalancing:*:*:listener-rule/app/*/*/*",
2025-07-27T20:32:02.2348512Z                         ]
2025-07-27T20:32:02.2348919Z                     },
2025-07-27T20:32:02.2349281Z                   + {
2025-07-27T20:32:02.2349650Z                       + Action    = [
2025-07-27T20:32:02.2350222Z                           + "elasticloadbalancing:ModifyLoadBalancerAttributes",
2025-07-27T20:32:02.2350875Z                           + "elasticloadbalancing:SetIpAddressType",
2025-07-27T20:32:02.2351469Z                           + "elasticloadbalancing:SetSecurityGroups",
2025-07-27T20:32:02.2355073Z                           + "elasticloadbalancing:SetSubnets",
2025-07-27T20:32:02.2355698Z                           + "elasticloadbalancing:DeleteLoadBalancer",
2025-07-27T20:32:02.2356521Z                           + "elasticloadbalancing:ModifyTargetGroup",
2025-07-27T20:32:02.2357173Z                           + "elasticloadbalancing:ModifyTargetGroupAttributes",
2025-07-27T20:32:02.2358123Z                           + "elasticloadbalancing:DeleteTargetGroup",
2025-07-27T20:32:02.2358626Z                         ]
2025-07-27T20:32:02.2359035Z                       + Condition = {
2025-07-27T20:32:02.2359480Z                           + Null = {
2025-07-27T20:32:02.2359997Z                               + "aws:ResourceTag/elbv2.k8s.aws/cluster" = "false"
2025-07-27T20:32:02.2360547Z                             }
2025-07-27T20:32:02.2360945Z                         }
2025-07-27T20:32:02.2361346Z                       + Effect    = "Allow"
2025-07-27T20:32:02.2361809Z                       + Resource  = "*"
2025-07-27T20:32:02.2362254Z                     },
2025-07-27T20:32:02.2362599Z                   + {
2025-07-27T20:32:02.2362965Z                       + Action   = [
2025-07-27T20:32:02.2363461Z                           + "elasticloadbalancing:RegisterTargets",
2025-07-27T20:32:02.2364038Z                           + "elasticloadbalancing:DeregisterTargets",
2025-07-27T20:32:02.2364560Z                         ]
2025-07-27T20:32:02.2364943Z                       + Effect   = "Allow"
2025-07-27T20:32:02.2365553Z                       + Resource = "arn:aws:elasticloadbalancing:*:*:targetgroup/*/*"
2025-07-27T20:32:02.2366290Z                     },
2025-07-27T20:32:02.2366641Z                   + {
2025-07-27T20:32:02.2366999Z                       + Action   = [
2025-07-27T20:32:02.2367482Z                           + "elasticloadbalancing:SetWebAcl",
2025-07-27T20:32:02.2368030Z                           + "elasticloadbalancing:ModifyListener",
2025-07-27T20:32:02.2368628Z                           + "elasticloadbalancing:AddListenerCertificates",
2025-07-27T20:32:02.2369291Z                           + "elasticloadbalancing:RemoveListenerCertificates",
2025-07-27T20:32:02.2369920Z                           + "elasticloadbalancing:ModifyRule",
2025-07-27T20:32:02.2370405Z                         ]
2025-07-27T20:32:02.2370800Z                       + Effect   = "Allow"
2025-07-27T20:32:02.2371254Z                       + Resource = "*"
2025-07-27T20:32:02.2371683Z                     },
2025-07-27T20:32:02.2372015Z                 ]
2025-07-27T20:32:02.2372740Z               + Version   = "2012-10-17"
2025-07-27T20:32:02.2373200Z             }
2025-07-27T20:32:02.2373514Z         )
2025-07-27T20:32:02.2373859Z       + policy_id        = (known after apply)
2025-07-27T20:32:02.2374323Z       + tags             = (known after apply)
2025-07-27T20:32:02.2374742Z       + tags_all         = (known after apply)
2025-07-27T20:32:02.2375133Z     }
2025-07-27T20:32:02.2375300Z 
2025-07-27T20:32:02.2375564Z   # module.eks.aws_iam_role.aws_load_balancer_controller will be created
2025-07-27T20:32:02.2376409Z   + resource "aws_iam_role" "aws_load_balancer_controller" {
2025-07-27T20:32:02.2376944Z       + arn                   = (known after apply)
2025-07-27T20:32:02.2377412Z       + assume_role_policy    = (known after apply)
2025-07-27T20:32:02.2377879Z       + create_date           = (known after apply)
2025-07-27T20:32:02.2378325Z       + force_detach_policies = false
2025-07-27T20:32:02.2378746Z       + id                    = (known after apply)
2025-07-27T20:32:02.2379201Z       + managed_policy_arns   = (known after apply)
2025-07-27T20:32:02.2379634Z       + max_session_duration  = 3600
2025-07-27T20:32:02.2380119Z       + name                  = "tasky-dev-v15-aws-load-balancer-controller"
2025-07-27T20:32:02.2380656Z       + name_prefix           = (known after apply)
2025-07-27T20:32:02.2381102Z       + path                  = "/"
2025-07-27T20:32:02.2381502Z       + tags                  = (known after apply)
2025-07-27T20:32:02.2381938Z       + tags_all              = (known after apply)
2025-07-27T20:32:02.2382378Z       + unique_id             = (known after apply)
2025-07-27T20:32:02.2382780Z     }
2025-07-27T20:32:02.2382932Z 
2025-07-27T20:32:02.2383140Z   # module.eks.aws_iam_role.eks_cluster will be created
2025-07-27T20:32:02.2383826Z   + resource "aws_iam_role" "eks_cluster" {
2025-07-27T20:32:02.2384266Z       + arn                   = (known after apply)
2025-07-27T20:32:02.2384723Z       + assume_role_policy    = jsonencode(
2025-07-27T20:32:02.2385141Z             {
2025-07-27T20:32:02.2385436Z               + Statement = [
2025-07-27T20:32:02.2385826Z                   + {
2025-07-27T20:32:02.2386311Z                       + Action    = "sts:AssumeRole"
2025-07-27T20:32:02.2386747Z                       + Effect    = "Allow"
2025-07-27T20:32:02.2387159Z                       + Principal = {
2025-07-27T20:32:02.2387584Z                           + Service = "eks.amazonaws.com"
2025-07-27T20:32:02.2388014Z                         }
2025-07-27T20:32:02.2388335Z                     },
2025-07-27T20:32:02.2388647Z                 ]
2025-07-27T20:32:02.2388962Z               + Version   = "2012-10-17"
2025-07-27T20:32:02.2389353Z             }
2025-07-27T20:32:02.2389631Z         )
2025-07-27T20:32:02.2389972Z       + create_date           = (known after apply)
2025-07-27T20:32:02.2390470Z       + force_detach_policies = false
2025-07-27T20:32:02.2390934Z       + id                    = (known after apply)
2025-07-27T20:32:02.2391441Z       + managed_policy_arns   = (known after apply)
2025-07-27T20:32:02.2391927Z       + max_session_duration  = 3600
2025-07-27T20:32:02.2392419Z       + name                  = "tasky-dev-v15-eks-cluster-role"
2025-07-27T20:32:02.2392968Z       + name_prefix           = (known after apply)
2025-07-27T20:32:02.2393452Z       + path                  = "/"
2025-07-27T20:32:02.2393911Z       + tags                  = (known after apply)
2025-07-27T20:32:02.2394390Z       + tags_all              = (known after apply)
2025-07-27T20:32:02.2394869Z       + unique_id             = (known after apply)
2025-07-27T20:32:02.2395310Z     }
2025-07-27T20:32:02.2395473Z 
2025-07-27T20:32:02.2395729Z   # module.eks.aws_iam_role.eks_node_group will be created
2025-07-27T20:32:02.2396451Z   + resource "aws_iam_role" "eks_node_group" {
2025-07-27T20:32:02.2396975Z       + arn                   = (known after apply)
2025-07-27T20:32:02.2397470Z       + assume_role_policy    = jsonencode(
2025-07-27T20:32:02.2397923Z             {
2025-07-27T20:32:02.2398452Z               + Statement = [
2025-07-27T20:32:02.2398876Z                   + {
2025-07-27T20:32:02.2399274Z                       + Action    = "sts:AssumeRole"
2025-07-27T20:32:02.2399754Z                       + Effect    = "Allow"
2025-07-27T20:32:02.2400218Z                       + Principal = {
2025-07-27T20:32:02.2400720Z                           + Service = "ec2.amazonaws.com"
2025-07-27T20:32:02.2401185Z                         }
2025-07-27T20:32:02.2401548Z                     },
2025-07-27T20:32:02.2401891Z                 ]
2025-07-27T20:32:02.2402239Z               + Version   = "2012-10-17"
2025-07-27T20:32:02.2402653Z             }
2025-07-27T20:32:02.2402985Z         )
2025-07-27T20:32:02.2403370Z       + create_date           = (known after apply)
2025-07-27T20:32:02.2403874Z       + force_detach_policies = false
2025-07-27T20:32:02.2404324Z       + id                    = (known after apply)
2025-07-27T20:32:02.2404755Z       + managed_policy_arns   = (known after apply)
2025-07-27T20:32:02.2405213Z       + max_session_duration  = 3600
2025-07-27T20:32:02.2405690Z       + name                  = "tasky-dev-v15-eks-node-group-role"
2025-07-27T20:32:02.2406375Z       + name_prefix           = (known after apply)
2025-07-27T20:32:02.2406844Z       + path                  = "/"
2025-07-27T20:32:02.2407279Z       + tags                  = (known after apply)
2025-07-27T20:32:02.2407778Z       + tags_all              = (known after apply)
2025-07-27T20:32:02.2408272Z       + unique_id             = (known after apply)
2025-07-27T20:32:02.2408732Z     }
2025-07-27T20:32:02.2408900Z 
2025-07-27T20:32:02.2409349Z   # module.eks.aws_iam_role_policy_attachment.aws_load_balancer_controller_attach will be created
2025-07-27T20:32:02.2410292Z   + resource "aws_iam_role_policy_attachment" "aws_load_balancer_controller_attach" {
2025-07-27T20:32:02.2411180Z       + id         = (known after apply)
2025-07-27T20:32:02.2411671Z       + policy_arn = (known after apply)
2025-07-27T20:32:02.2412232Z       + role       = "tasky-dev-v15-aws-load-balancer-controller"
2025-07-27T20:32:02.2412752Z     }
2025-07-27T20:32:02.2412937Z 
2025-07-27T20:32:02.2413302Z   # module.eks.aws_iam_role_policy_attachment.eks_cluster_policy will be created
2025-07-27T20:32:02.2414057Z   + resource "aws_iam_role_policy_attachment" "eks_cluster_policy" {
2025-07-27T20:32:02.2414622Z       + id         = (known after apply)
2025-07-27T20:32:02.2424931Z       + policy_arn = "arn:aws:iam::aws:policy/AmazonEKSClusterPolicy"
2025-07-27T20:32:02.2425522Z       + role       = "tasky-dev-v15-eks-cluster-role"
2025-07-27T20:32:02.2425944Z     }
2025-07-27T20:32:02.2426397Z 
2025-07-27T20:32:02.2426704Z   # module.eks.aws_iam_role_policy_attachment.eks_cni_policy will be created
2025-07-27T20:32:02.2427422Z   + resource "aws_iam_role_policy_attachment" "eks_cni_policy" {
2025-07-27T20:32:02.2427973Z       + id         = (known after apply)
2025-07-27T20:32:02.2428687Z       + policy_arn = "arn:aws:iam::aws:policy/AmazonEKS_CNI_Policy"
2025-07-27T20:32:02.2429319Z       + role       = "tasky-dev-v15-eks-node-group-role"
2025-07-27T20:32:02.2429789Z     }
2025-07-27T20:32:02.2429965Z 
2025-07-27T20:32:02.2430356Z   # module.eks.aws_iam_role_policy_attachment.eks_container_registry_policy will be created
2025-07-27T20:32:02.2431165Z   + resource "aws_iam_role_policy_attachment" "eks_container_registry_policy" {
2025-07-27T20:32:02.2431753Z       + id         = (known after apply)
2025-07-27T20:32:02.2432338Z       + policy_arn = "arn:aws:iam::aws:policy/AmazonEC2ContainerRegistryReadOnly"
2025-07-27T20:32:02.2432978Z       + role       = "tasky-dev-v15-eks-node-group-role"
2025-07-27T20:32:02.2433485Z     }
2025-07-27T20:32:02.2433638Z 
2025-07-27T20:32:02.2433974Z   # module.eks.aws_iam_role_policy_attachment.eks_worker_node_policy will be created
2025-07-27T20:32:02.2434728Z   + resource "aws_iam_role_policy_attachment" "eks_worker_node_policy" {
2025-07-27T20:32:02.2435267Z       + id         = (known after apply)
2025-07-27T20:32:02.2436627Z       + policy_arn = "arn:aws:iam::aws:policy/AmazonEKSWorkerNodePolicy"
2025-07-27T20:32:02.2437234Z       + role       = "tasky-dev-v15-eks-node-group-role"
2025-07-27T20:32:02.2437672Z     }
2025-07-27T20:32:02.2438135Z 
2025-07-27T20:32:02.2438389Z   # module.eks.aws_security_group.eks_additional will be created
2025-07-27T20:32:02.2438979Z   + resource "aws_security_group" "eks_additional" {
2025-07-27T20:32:02.2439480Z       + arn                    = (known after apply)
2025-07-27T20:32:02.2439979Z       + description            = "Managed by Terraform"
2025-07-27T20:32:02.2440440Z       + egress                 = [
2025-07-27T20:32:02.2440798Z           + {
2025-07-27T20:32:02.2441126Z               + cidr_blocks      = [
2025-07-27T20:32:02.2441548Z                   + "0.0.0.0/0",
2025-07-27T20:32:02.2441922Z                 ]
2025-07-27T20:32:02.2442304Z               + description      = "All outbound traffic"
2025-07-27T20:32:02.2442766Z               + from_port        = 0
2025-07-27T20:32:02.2443217Z               + ipv6_cidr_blocks = []
2025-07-27T20:32:02.2443650Z               + prefix_list_ids  = []
2025-07-27T20:32:02.2444082Z               + protocol         = "-1"
2025-07-27T20:32:02.2444516Z               + security_groups  = []
2025-07-27T20:32:02.2444918Z               + self             = false
2025-07-27T20:32:02.2445330Z               + to_port          = 0
2025-07-27T20:32:02.2445713Z             },
2025-07-27T20:32:02.2446009Z           + {
2025-07-27T20:32:02.2446468Z               + cidr_blocks      = []
2025-07-27T20:32:02.2446900Z               + description      = "Access to MongoDB"
2025-07-27T20:32:02.2447357Z               + from_port        = 27017
2025-07-27T20:32:02.2447793Z               + ipv6_cidr_blocks = []
2025-07-27T20:32:02.2448466Z               + prefix_list_ids  = []
2025-07-27T20:32:02.2448875Z               + protocol         = "tcp"
2025-07-27T20:32:02.2449324Z               + security_groups  = (known after apply)
2025-07-27T20:32:02.2449805Z               + self             = false
2025-07-27T20:32:02.2450227Z               + to_port          = 27017
2025-07-27T20:32:02.2450641Z             },
2025-07-27T20:32:02.2450935Z         ]
2025-07-27T20:32:02.2451260Z       + id                     = (known after apply)
2025-07-27T20:32:02.2451735Z       + ingress                = (known after apply)
2025-07-27T20:32:02.2452228Z       + name                   = (known after apply)
2025-07-27T20:32:02.2452756Z       + name_prefix            = "tasky-dev-v15-eks-additional-"
2025-07-27T20:32:02.2453265Z       + owner_id               = (known after apply)
2025-07-27T20:32:02.2453753Z       + revoke_rules_on_delete = false
2025-07-27T20:32:02.2454222Z       + tags                   = (known after apply)
2025-07-27T20:32:02.2454736Z       + tags_all               = (known after apply)
2025-07-27T20:32:02.2455217Z       + vpc_id                 = (known after apply)
2025-07-27T20:32:02.2455685Z     }
2025-07-27T20:32:02.2455864Z 
2025-07-27T20:32:02.2456373Z   # module.eks.aws_security_group_rule.mongodb_from_eks_additional will be created
2025-07-27T20:32:02.2457193Z   + resource "aws_security_group_rule" "mongodb_from_eks_additional" {
2025-07-27T20:32:02.2457945Z       + description              = "MongoDB access from EKS additional security group"
2025-07-27T20:32:02.2458569Z       + from_port                = 27017
2025-07-27T20:32:02.2459047Z       + id                       = (known after apply)
2025-07-27T20:32:02.2459525Z       + protocol                 = "tcp"
2025-07-27T20:32:02.2460017Z       + security_group_id        = (known after apply)
2025-07-27T20:32:02.2460530Z       + security_group_rule_id   = (known after apply)
2025-07-27T20:32:02.2461011Z       + self                     = false
2025-07-27T20:32:02.2461518Z       + source_security_group_id = (known after apply)
2025-07-27T20:32:02.2462031Z       + to_port                  = 27017
2025-07-27T20:32:02.2462455Z       + type                     = "ingress"
2025-07-27T20:32:02.2462882Z     }
2025-07-27T20:32:02.2463314Z 
2025-07-27T20:32:02.2463659Z   # module.eks.aws_security_group_rule.mongodb_from_eks_cluster will be created
2025-07-27T20:32:02.2464453Z   + resource "aws_security_group_rule" "mongodb_from_eks_cluster" {
2025-07-27T20:32:02.2465178Z       + description              = "MongoDB access from EKS cluster security group"
2025-07-27T20:32:02.2465792Z       + from_port                = 27017
2025-07-27T20:32:02.2466408Z       + id                       = (known after apply)
2025-07-27T20:32:02.2466885Z       + protocol                 = "tcp"
2025-07-27T20:32:02.2467375Z       + security_group_id        = (known after apply)
2025-07-27T20:32:02.2467916Z       + security_group_rule_id   = (known after apply)
2025-07-27T20:32:02.2468435Z       + self                     = false
2025-07-27T20:32:02.2468966Z       + source_security_group_id = (known after apply)
2025-07-27T20:32:02.2469482Z       + to_port                  = 27017
2025-07-27T20:32:02.2469938Z       + type                     = "ingress"
2025-07-27T20:32:02.2470415Z     }
2025-07-27T20:32:02.2470629Z 
2025-07-27T20:32:02.2470930Z   # module.mongodb_ec2.aws_cloudwatch_log_group.mongodb will be created
2025-07-27T20:32:02.2471601Z   + resource "aws_cloudwatch_log_group" "mongodb" {
2025-07-27T20:32:02.2472131Z       + arn               = (known after apply)
2025-07-27T20:32:02.2472660Z       + id                = (known after apply)
2025-07-27T20:32:02.2473154Z       + log_group_class   = (known after apply)
2025-07-27T20:32:02.2473653Z       + name              = "/aws/ec2/tasky-dev-v15/mongodb"
2025-07-27T20:32:02.2474122Z       + name_prefix       = (known after apply)
2025-07-27T20:32:02.2474537Z       + retention_in_days = 30
2025-07-27T20:32:02.2474968Z       + skip_destroy      = false
2025-07-27T20:32:02.2475799Z       + tags              = (known after apply)
2025-07-27T20:32:02.2476418Z       + tags_all          = (known after apply)
2025-07-27T20:32:02.2476759Z     }
2025-07-27T20:32:02.2476900Z 
2025-07-27T20:32:02.2477150Z   # module.mongodb_ec2.aws_iam_instance_profile.mongodb will be created
2025-07-27T20:32:02.2477587Z   + resource "aws_iam_instance_profile" "mongodb" {
2025-07-27T20:32:02.2477917Z       + arn         = (known after apply)
2025-07-27T20:32:02.2478247Z       + create_date = (known after apply)
2025-07-27T20:32:02.2478560Z       + id          = (known after apply)
2025-07-27T20:32:02.2478906Z       + name        = "tasky-dev-v15-mongodb-profile"
2025-07-27T20:32:02.2479277Z       + name_prefix = (known after apply)
2025-07-27T20:32:02.2479608Z       + path        = "/"
2025-07-27T20:32:02.2479936Z       + role        = "tasky-dev-v15-mongodb-role"
2025-07-27T20:32:02.2480295Z       + tags        = (known after apply)
2025-07-27T20:32:02.2480652Z       + tags_all    = (known after apply)
2025-07-27T20:32:02.2480988Z       + unique_id   = (known after apply)
2025-07-27T20:32:02.2481308Z     }
2025-07-27T20:32:02.2481421Z 
2025-07-27T20:32:02.2481622Z   # module.mongodb_ec2.aws_iam_role.mongodb will be created
2025-07-27T20:32:02.2482020Z   + resource "aws_iam_role" "mongodb" {
2025-07-27T20:32:02.2482353Z       + arn                   = (known after apply)
2025-07-27T20:32:02.2482706Z       + assume_role_policy    = jsonencode(
2025-07-27T20:32:02.2483020Z             {
2025-07-27T20:32:02.2483269Z               + Statement = [
2025-07-27T20:32:02.2483546Z                   + {
2025-07-27T20:32:02.2483860Z                       + Action    = "sts:AssumeRole"
2025-07-27T20:32:02.2484191Z                       + Effect    = "Allow"
2025-07-27T20:32:02.2484499Z                       + Principal = {
2025-07-27T20:32:02.2484829Z                           + Service = "ec2.amazonaws.com"
2025-07-27T20:32:02.2485152Z                         }
2025-07-27T20:32:02.2485421Z                     },
2025-07-27T20:32:02.2485737Z                 ]
2025-07-27T20:32:02.2486001Z               + Version   = "2012-10-17"
2025-07-27T20:32:02.2486881Z             }
2025-07-27T20:32:02.2487168Z         )
2025-07-27T20:32:02.2487722Z       + create_date           = (known after apply)
2025-07-27T20:32:02.2488089Z       + force_detach_policies = false
2025-07-27T20:32:02.2488415Z       + id                    = (known after apply)
2025-07-27T20:32:02.2488751Z       + managed_policy_arns   = (known after apply)
2025-07-27T20:32:02.2489076Z       + max_session_duration  = 3600
2025-07-27T20:32:02.2489398Z       + name                  = "tasky-dev-v15-mongodb-role"
2025-07-27T20:32:02.2489751Z       + name_prefix           = (known after apply)
2025-07-27T20:32:02.2490068Z       + path                  = "/"
2025-07-27T20:32:02.2490366Z       + tags                  = (known after apply)
2025-07-27T20:32:02.2490689Z       + tags_all              = (known after apply)
2025-07-27T20:32:02.2491024Z       + unique_id             = (known after apply)
2025-07-27T20:32:02.2491361Z     }
2025-07-27T20:32:02.2491465Z 
2025-07-27T20:32:02.2491717Z   # module.mongodb_ec2.aws_iam_role_policy_attachment.mongodb_admin will be created
2025-07-27T20:32:02.2492240Z   + resource "aws_iam_role_policy_attachment" "mongodb_admin" {
2025-07-27T20:32:02.2492621Z       + id         = (known after apply)
2025-07-27T20:32:02.2493092Z       + policy_arn = "arn:aws:iam::aws:policy/AdministratorAccess"
2025-07-27T20:32:02.2493470Z       + role       = "tasky-dev-v15-mongodb-role"
2025-07-27T20:32:02.2493795Z     }
2025-07-27T20:32:02.2493941Z 
2025-07-27T20:32:02.2494103Z   # module.mongodb_ec2.aws_instance.mongodb will be created
2025-07-27T20:32:02.2494522Z   + resource "aws_instance" "mongodb" {
2025-07-27T20:32:02.2494867Z       + ami                                  = "ami-083e865b97bdf1c1b"
2025-07-27T20:32:02.2495241Z       + arn                                  = (known after apply)
2025-07-27T20:32:02.2495643Z       + associate_public_ip_address          = (known after apply)
2025-07-27T20:32:02.2496596Z       + availability_zone                    = (known after apply)
2025-07-27T20:32:02.2497012Z       + cpu_core_count                       = (known after apply)
2025-07-27T20:32:02.2497409Z       + cpu_threads_per_core                 = (known after apply)
2025-07-27T20:32:02.2497799Z       + disable_api_stop                     = (known after apply)
2025-07-27T20:32:02.2498196Z       + disable_api_termination              = (known after apply)
2025-07-27T20:32:02.2498620Z       + ebs_optimized                        = (known after apply)
2025-07-27T20:32:02.2499015Z       + enable_primary_ipv6                  = (known after apply)
2025-07-27T20:32:02.2499369Z       + get_password_data                    = false
2025-07-27T20:32:02.2499718Z       + host_id                              = (known after apply)
2025-07-27T20:32:02.2500090Z       + host_resource_group_arn              = (known after apply)
2025-07-27T20:32:02.2500547Z       + iam_instance_profile                 = "tasky-dev-v15-mongodb-profile"
2025-07-27T20:32:02.2500967Z       + id                                   = (known after apply)
2025-07-27T20:32:02.2501362Z       + instance_initiated_shutdown_behavior = (known after apply)
2025-07-27T20:32:02.2501798Z       + instance_lifecycle                   = (known after apply)
2025-07-27T20:32:02.2502180Z       + instance_state                       = (known after apply)
2025-07-27T20:32:02.2502521Z       + instance_type                        = "t3.micro"
2025-07-27T20:32:02.2502869Z       + ipv6_address_count                   = (known after apply)
2025-07-27T20:32:02.2503244Z       + ipv6_addresses                       = (known after apply)
2025-07-27T20:32:02.2503594Z       + key_name                             = (known after apply)
2025-07-27T20:32:02.2503946Z       + monitoring                           = (known after apply)
2025-07-27T20:32:02.2504317Z       + outpost_arn                          = (known after apply)
2025-07-27T20:32:02.2504699Z       + password_data                        = (known after apply)
2025-07-27T20:32:02.2505086Z       + placement_group                      = (known after apply)
2025-07-27T20:32:02.2505656Z       + placement_partition_number           = (known after apply)
2025-07-27T20:32:02.2506059Z       + primary_network_interface_id         = (known after apply)
2025-07-27T20:32:02.2506820Z       + private_dns                          = (known after apply)
2025-07-27T20:32:02.2530399Z       + private_ip                           = (known after apply)
2025-07-27T20:32:02.2530892Z       + public_dns                           = (known after apply)
2025-07-27T20:32:02.2531279Z       + public_ip                            = (known after apply)
2025-07-27T20:32:02.2531655Z       + secondary_private_ips                = (known after apply)
2025-07-27T20:32:02.2532042Z       + security_groups                      = (known after apply)
2025-07-27T20:32:02.2532421Z       + source_dest_check                    = true
2025-07-27T20:32:02.2532811Z       + spot_instance_request_id             = (known after apply)
2025-07-27T20:32:02.2533174Z       + subnet_id                            = (known after apply)
2025-07-27T20:32:02.2533529Z       + tags                                 = (known after apply)
2025-07-27T20:32:02.2533860Z       + tags_all                             = (known after apply)
2025-07-27T20:32:02.2534182Z       + tenancy                              = (known after apply)
2025-07-27T20:32:02.2534521Z       + user_data                            = (known after apply)
2025-07-27T20:32:02.2534850Z       + user_data_base64                     = (known after apply)
2025-07-27T20:32:02.2535183Z       + user_data_replace_on_change          = true
2025-07-27T20:32:02.2535567Z       + vpc_security_group_ids               = (known after apply)
2025-07-27T20:32:02.2535800Z 
2025-07-27T20:32:02.2535938Z       + root_block_device {
2025-07-27T20:32:02.2536448Z           + delete_on_termination = true
2025-07-27T20:32:02.2537136Z           + device_name           = (known after apply)
2025-07-27T20:32:02.2537447Z           + encrypted             = true
2025-07-27T20:32:02.2537746Z           + iops                  = (known after apply)
2025-07-27T20:32:02.2538074Z           + kms_key_id            = (known after apply)
2025-07-27T20:32:02.2538380Z           + tags                  = (known after apply)
2025-07-27T20:32:02.2538692Z           + tags_all              = (known after apply)
2025-07-27T20:32:02.2539013Z           + throughput            = (known after apply)
2025-07-27T20:32:02.2539319Z           + volume_id             = (known after apply)
2025-07-27T20:32:02.2539631Z           + volume_size           = 20
2025-07-27T20:32:02.2539899Z           + volume_type           = "gp3"
2025-07-27T20:32:02.2540162Z         }
2025-07-27T20:32:02.2540323Z     }
2025-07-27T20:32:02.2540430Z 
2025-07-27T20:32:02.2540592Z   # module.mongodb_ec2.aws_security_group.mongodb will be created
2025-07-27T20:32:02.2540939Z   + resource "aws_security_group" "mongodb" {
2025-07-27T20:32:02.2541272Z       + arn                    = (known after apply)
2025-07-27T20:32:02.2541619Z       + description            = "Managed by Terraform"
2025-07-27T20:32:02.2541990Z       + egress                 = [
2025-07-27T20:32:02.2542270Z           + {
2025-07-27T20:32:02.2542484Z               + cidr_blocks      = [
2025-07-27T20:32:02.2542763Z                   + "0.0.0.0/0",
2025-07-27T20:32:02.2543013Z                 ]
2025-07-27T20:32:02.2543268Z               + description      = "All outbound traffic"
2025-07-27T20:32:02.2543573Z               + from_port        = 0
2025-07-27T20:32:02.2543888Z               + ipv6_cidr_blocks = []
2025-07-27T20:32:02.2544208Z               + prefix_list_ids  = []
2025-07-27T20:32:02.2544516Z               + protocol         = "-1"
2025-07-27T20:32:02.2544843Z               + security_groups  = []
2025-07-27T20:32:02.2545143Z               + self             = false
2025-07-27T20:32:02.2545465Z               + to_port          = 0
2025-07-27T20:32:02.2545759Z             },
2025-07-27T20:32:02.2545988Z         ]
2025-07-27T20:32:02.2546420Z       + id                     = (known after apply)
2025-07-27T20:32:02.2547089Z       + ingress                = [
2025-07-27T20:32:02.2547379Z           + {
2025-07-27T20:32:02.2547649Z               + cidr_blocks      = [
2025-07-27T20:32:02.2548069Z                   + "10.0.0.0/16",
2025-07-27T20:32:02.2548494Z                 ]
2025-07-27T20:32:02.2548932Z               + description      = "MongoDB access from VPC"
2025-07-27T20:32:02.2549268Z               + from_port        = 27017
2025-07-27T20:32:02.2549556Z               + ipv6_cidr_blocks = []
2025-07-27T20:32:02.2549831Z               + prefix_list_ids  = []
2025-07-27T20:32:02.2550111Z               + protocol         = "tcp"
2025-07-27T20:32:02.2550392Z               + security_groups  = []
2025-07-27T20:32:02.2550660Z               + self             = false
2025-07-27T20:32:02.2550939Z               + to_port          = 27017
2025-07-27T20:32:02.2551202Z             },
2025-07-27T20:32:02.2551425Z           + {
2025-07-27T20:32:02.2551643Z               + cidr_blocks      = [
2025-07-27T20:32:02.2551918Z                   + "10.0.0.0/16",
2025-07-27T20:32:02.2552172Z                 ]
2025-07-27T20:32:02.2552420Z               + description      = "SSH access from VPC"
2025-07-27T20:32:02.2552727Z               + from_port        = 22
2025-07-27T20:32:02.2552998Z               + ipv6_cidr_blocks = []
2025-07-27T20:32:02.2553262Z               + prefix_list_ids  = []
2025-07-27T20:32:02.2553538Z               + protocol         = "tcp"
2025-07-27T20:32:02.2553822Z               + security_groups  = []
2025-07-27T20:32:02.2554091Z               + self             = false
2025-07-27T20:32:02.2554365Z               + to_port          = 22
2025-07-27T20:32:02.2554642Z             },
2025-07-27T20:32:02.2554857Z         ]
2025-07-27T20:32:02.2555098Z       + name                   = (known after apply)
2025-07-27T20:32:02.2555675Z       + name_prefix            = "tasky-dev-mongodb-"
2025-07-27T20:32:02.2556008Z       + owner_id               = (known after apply)
2025-07-27T20:32:02.2556620Z       + revoke_rules_on_delete = false
2025-07-27T20:32:02.2556945Z       + tags                   = (known after apply)
2025-07-27T20:32:02.2557255Z       + tags_all               = (known after apply)
2025-07-27T20:32:02.2557558Z       + vpc_id                 = (known after apply)
2025-07-27T20:32:02.2557831Z     }
2025-07-27T20:32:02.2557957Z 
2025-07-27T20:32:02.2558125Z   # module.s3_backup.aws_s3_bucket.backup will be created
2025-07-27T20:32:02.2558466Z   + resource "aws_s3_bucket" "backup" {
2025-07-27T20:32:02.2558791Z       + acceleration_status         = (known after apply)
2025-07-27T20:32:02.2559128Z       + acl                         = (known after apply)
2025-07-27T20:32:02.2559438Z       + arn                         = (known after apply)
2025-07-27T20:32:02.2559764Z       + bucket                      = (known after apply)
2025-07-27T20:32:02.2560114Z       + bucket_domain_name          = (known after apply)
2025-07-27T20:32:02.2560446Z       + bucket_prefix               = (known after apply)
2025-07-27T20:32:02.2560789Z       + bucket_regional_domain_name = (known after apply)
2025-07-27T20:32:02.2561127Z       + force_destroy               = true
2025-07-27T20:32:02.2561434Z       + hosted_zone_id              = (known after apply)
2025-07-27T20:32:02.2561751Z       + id                          = (known after apply)
2025-07-27T20:32:02.2562063Z       + object_lock_enabled         = (known after apply)
2025-07-27T20:32:02.2562376Z       + policy                      = (known after apply)
2025-07-27T20:32:02.2562687Z       + region                      = (known after apply)
2025-07-27T20:32:02.2563013Z       + request_payer               = (known after apply)
2025-07-27T20:32:02.2563348Z       + tags                        = (known after apply)
2025-07-27T20:32:02.2563797Z       + tags_all                    = (known after apply)
2025-07-27T20:32:02.2564328Z       + website_domain              = (known after apply)
2025-07-27T20:32:02.2564886Z       + website_endpoint            = (known after apply)
2025-07-27T20:32:02.2565188Z     }
2025-07-27T20:32:02.2565540Z 
2025-07-27T20:32:02.2565796Z   # module.s3_backup.aws_s3_bucket_lifecycle_configuration.backup will be created
2025-07-27T20:32:02.2566675Z   + resource "aws_s3_bucket_lifecycle_configuration" "backup" {
2025-07-27T20:32:02.2567278Z       + bucket                                 = (known after apply)
2025-07-27T20:32:02.2567856Z       + expected_bucket_owner                  = (known after apply)
2025-07-27T20:32:02.2568406Z       + id                                     = (known after apply)
2025-07-27T20:32:02.2569006Z       + transition_default_minimum_object_size = "all_storage_classes_128K"
2025-07-27T20:32:02.2569451Z 
2025-07-27T20:32:02.2569592Z       + rule {
2025-07-27T20:32:02.2569928Z           + id     = "backup_lifecycle"
2025-07-27T20:32:02.2570371Z           + status = "Enabled"
2025-07-27T20:32:02.2570602Z 
2025-07-27T20:32:02.2570766Z           + expiration {
2025-07-27T20:32:02.2571145Z               + days                         = 30
2025-07-27T20:32:02.2571605Z               + expired_object_delete_marker = false
2025-07-27T20:32:02.2572030Z             }
2025-07-27T20:32:02.2572209Z 
2025-07-27T20:32:02.2572333Z           + filter {
2025-07-27T20:32:02.2572665Z               + prefix = "backups/"
2025-07-27T20:32:02.2573054Z             }
2025-07-27T20:32:02.2573222Z 
2025-07-27T20:32:02.2573393Z           + noncurrent_version_expiration {
2025-07-27T20:32:02.2573836Z               + noncurrent_days = 7
2025-07-27T20:32:02.2574222Z             }
2025-07-27T20:32:02.2574515Z         }
2025-07-27T20:32:02.2574800Z     }
2025-07-27T20:32:02.2574967Z 
2025-07-27T20:32:02.2575264Z   # module.s3_backup.aws_s3_bucket_policy.backup_public_read will be created
2025-07-27T20:32:02.2575946Z   + resource "aws_s3_bucket_policy" "backup_public_read" {
2025-07-27T20:32:02.2576896Z       + bucket = (known after apply)
2025-07-27T20:32:02.2577317Z       + id     = (known after apply)
2025-07-27T20:32:02.2577755Z       + policy = (known after apply)
2025-07-27T20:32:02.2578149Z     }
2025-07-27T20:32:02.2578319Z 
2025-07-27T20:32:02.2578647Z   # module.s3_backup.aws_s3_bucket_public_access_block.backup will be created
2025-07-27T20:32:02.2579314Z   + resource "aws_s3_bucket_public_access_block" "backup" {
2025-07-27T20:32:02.2579833Z       + block_public_acls       = false
2025-07-27T20:32:02.2580273Z       + block_public_policy     = false
2025-07-27T20:32:02.2580727Z       + bucket                  = (known after apply)
2025-07-27T20:32:02.2581212Z       + id                      = (known after apply)
2025-07-27T20:32:02.2581670Z       + ignore_public_acls      = false
2025-07-27T20:32:02.2582138Z       + restrict_public_buckets = false
2025-07-27T20:32:02.2582532Z     }
2025-07-27T20:32:02.2582686Z 
2025-07-27T20:32:02.2582961Z   # module.s3_backup.aws_s3_bucket_versioning.backup will be created
2025-07-27T20:32:02.2583571Z   + resource "aws_s3_bucket_versioning" "backup" {
2025-07-27T20:32:02.2584098Z       + bucket = (known after apply)
2025-07-27T20:32:02.2584528Z       + id     = (known after apply)
2025-07-27T20:32:02.2584799Z 
2025-07-27T20:32:02.2584944Z       + versioning_configuration {
2025-07-27T20:32:02.2585363Z           + mfa_delete = (known after apply)
2025-07-27T20:32:02.2585842Z           + status     = "Enabled"
2025-07-27T20:32:02.2586403Z         }
2025-07-27T20:32:02.2586689Z     }
2025-07-27T20:32:02.2586864Z 
2025-07-27T20:32:02.2587141Z   # module.s3_backup.random_string.bucket_suffix will be created
2025-07-27T20:32:02.2587709Z   + resource "random_string" "bucket_suffix" {
2025-07-27T20:32:02.2588187Z       + id          = (known after apply)
2025-07-27T20:32:02.2588599Z       + length      = 8
2025-07-27T20:32:02.2588960Z       + lower       = true
2025-07-27T20:32:02.2589331Z       + min_lower   = 0
2025-07-27T20:32:02.2589707Z       + min_numeric = 0
2025-07-27T20:32:02.2590060Z       + min_special = 0
2025-07-27T20:32:02.2590423Z       + min_upper   = 0
2025-07-27T20:32:02.2590769Z       + number      = true
2025-07-27T20:32:02.2591103Z       + numeric     = true
2025-07-27T20:32:02.2591761Z       + result      = (known after apply)
2025-07-27T20:32:02.2592184Z       + special     = false
2025-07-27T20:32:02.2592553Z       + upper       = false
2025-07-27T20:32:02.2592931Z     }
2025-07-27T20:32:02.2593094Z 
2025-07-27T20:32:02.2593274Z   # module.vpc.aws_eip.nat[0] will be created
2025-07-27T20:32:02.2593713Z   + resource "aws_eip" "nat" {
2025-07-27T20:32:02.2594129Z       + allocation_id        = (known after apply)
2025-07-27T20:32:02.2594583Z       + arn                  = (known after apply)
2025-07-27T20:32:02.2595035Z       + association_id       = (known after apply)
2025-07-27T20:32:02.2595484Z       + carrier_ip           = (known after apply)
2025-07-27T20:32:02.2595969Z       + customer_owned_ip    = (known after apply)
2025-07-27T20:32:02.2596578Z       + domain               = "vpc"
2025-07-27T20:32:02.2596956Z       + id                   = (known after apply)
2025-07-27T20:32:02.2597369Z       + instance             = (known after apply)
2025-07-27T20:32:02.2597807Z       + ipam_pool_id         = (known after apply)
2025-07-27T20:32:02.2598246Z       + network_border_group = (known after apply)
2025-07-27T20:32:02.2598737Z       + network_interface    = (known after apply)
2025-07-27T20:32:02.2599278Z       + private_dns          = (known after apply)
2025-07-27T20:32:02.2599789Z       + private_ip           = (known after apply)
2025-07-27T20:32:02.2600313Z       + ptr_record           = (known after apply)
2025-07-27T20:32:02.2600784Z       + public_dns           = (known after apply)
2025-07-27T20:32:02.2601258Z       + public_ip            = (known after apply)
2025-07-27T20:32:02.2601725Z       + public_ipv4_pool     = (known after apply)
2025-07-27T20:32:02.2602205Z       + tags                 = (known after apply)
2025-07-27T20:32:02.2602909Z       + tags_all             = (known after apply)
2025-07-27T20:32:02.2603347Z       + vpc                  = (known after apply)
2025-07-27T20:32:02.2603765Z     }
2025-07-27T20:32:02.2603954Z 
2025-07-27T20:32:02.2604139Z   # module.vpc.aws_eip.nat[1] will be created
2025-07-27T20:32:02.2604597Z   + resource "aws_eip" "nat" {
2025-07-27T20:32:02.2604989Z       + allocation_id        = (known after apply)
2025-07-27T20:32:02.2605435Z       + arn                  = (known after apply)
2025-07-27T20:32:02.2605922Z       + association_id       = (known after apply)
2025-07-27T20:32:02.2606447Z       + carrier_ip           = (known after apply)
2025-07-27T20:32:02.2606755Z       + customer_owned_ip    = (known after apply)
2025-07-27T20:32:02.2607045Z       + domain               = "vpc"
2025-07-27T20:32:02.2607326Z       + id                   = (known after apply)
2025-07-27T20:32:02.2607634Z       + instance             = (known after apply)
2025-07-27T20:32:02.2607993Z       + ipam_pool_id         = (known after apply)
2025-07-27T20:32:02.2608327Z       + network_border_group = (known after apply)
2025-07-27T20:32:02.2608631Z       + network_interface    = (known after apply)
2025-07-27T20:32:02.2608938Z       + private_dns          = (known after apply)
2025-07-27T20:32:02.2609237Z       + private_ip           = (known after apply)
2025-07-27T20:32:02.2609534Z       + ptr_record           = (known after apply)
2025-07-27T20:32:02.2609897Z       + public_dns           = (known after apply)
2025-07-27T20:32:02.2610541Z       + public_ip            = (known after apply)
2025-07-27T20:32:02.2611037Z       + public_ipv4_pool     = (known after apply)
2025-07-27T20:32:02.2611571Z       + tags                 = (known after apply)
2025-07-27T20:32:02.2612043Z       + tags_all             = (known after apply)
2025-07-27T20:32:02.2612506Z       + vpc                  = (known after apply)
2025-07-27T20:32:02.2612911Z     }
2025-07-27T20:32:02.2613083Z 
2025-07-27T20:32:02.2613302Z   # module.vpc.aws_eip.nat[2] will be created
2025-07-27T20:32:02.2613761Z   + resource "aws_eip" "nat" {
2025-07-27T20:32:02.2614052Z       + allocation_id        = (known after apply)
2025-07-27T20:32:02.2614595Z       + arn                  = (known after apply)
2025-07-27T20:32:02.2614906Z       + association_id       = (known after apply)
2025-07-27T20:32:02.2615214Z       + carrier_ip           = (known after apply)
2025-07-27T20:32:02.2615554Z       + customer_owned_ip    = (known after apply)
2025-07-27T20:32:02.2615876Z       + domain               = "vpc"
2025-07-27T20:32:02.2616382Z       + id                   = (known after apply)
2025-07-27T20:32:02.2616862Z       + instance             = (known after apply)
2025-07-27T20:32:02.2617196Z       + ipam_pool_id         = (known after apply)
2025-07-27T20:32:02.2617524Z       + network_border_group = (known after apply)
2025-07-27T20:32:02.2617845Z       + network_interface    = (known after apply)
2025-07-27T20:32:02.2618165Z       + private_dns          = (known after apply)
2025-07-27T20:32:02.2618482Z       + private_ip           = (known after apply)
2025-07-27T20:32:02.2618807Z       + ptr_record           = (known after apply)
2025-07-27T20:32:02.2619121Z       + public_dns           = (known after apply)
2025-07-27T20:32:02.2619430Z       + public_ip            = (known after apply)
2025-07-27T20:32:02.2619744Z       + public_ipv4_pool     = (known after apply)
2025-07-27T20:32:02.2620042Z       + tags                 = (known after apply)
2025-07-27T20:32:02.2620343Z       + tags_all             = (known after apply)
2025-07-27T20:32:02.2620643Z       + vpc                  = (known after apply)
2025-07-27T20:32:02.2620916Z     }
2025-07-27T20:32:02.2621033Z 
2025-07-27T20:32:02.2621179Z   # module.vpc.aws_internet_gateway.main will be created
2025-07-27T20:32:02.2621517Z   + resource "aws_internet_gateway" "main" {
2025-07-27T20:32:02.2621821Z       + arn      = (known after apply)
2025-07-27T20:32:02.2622110Z       + id       = (known after apply)
2025-07-27T20:32:02.2622658Z       + owner_id = (known after apply)
2025-07-27T20:32:02.2622931Z       + tags     = (known after apply)
2025-07-27T20:32:02.2623205Z       + tags_all = (known after apply)
2025-07-27T20:32:02.2623490Z       + vpc_id   = (known after apply)
2025-07-27T20:32:02.2623741Z     }
2025-07-27T20:32:02.2623874Z 
2025-07-27T20:32:02.2624013Z   # module.vpc.aws_nat_gateway.main[0] will be created
2025-07-27T20:32:02.2624343Z   + resource "aws_nat_gateway" "main" {
2025-07-27T20:32:02.2624703Z       + allocation_id                      = (known after apply)
2025-07-27T20:32:02.2625087Z       + association_id                     = (known after apply)
2025-07-27T20:32:02.2625438Z       + connectivity_type                  = "public"
2025-07-27T20:32:02.2625766Z       + id                                 = (known after apply)
2025-07-27T20:32:02.2626321Z       + network_interface_id               = (known after apply)
2025-07-27T20:32:02.2626722Z       + private_ip                         = (known after apply)
2025-07-27T20:32:02.2627088Z       + public_ip                          = (known after apply)
2025-07-27T20:32:02.2627463Z       + secondary_private_ip_address_count = (known after apply)
2025-07-27T20:32:02.2627876Z       + secondary_private_ip_addresses     = (known after apply)
2025-07-27T20:32:02.2628268Z       + subnet_id                          = (known after apply)
2025-07-27T20:32:02.2628603Z       + tags                               = (known after apply)
2025-07-27T20:32:02.2628952Z       + tags_all                           = (known after apply)
2025-07-27T20:32:02.2629253Z     }
2025-07-27T20:32:02.2629364Z 
2025-07-27T20:32:02.2629522Z   # module.vpc.aws_nat_gateway.main[1] will be created
2025-07-27T20:32:02.2629855Z   + resource "aws_nat_gateway" "main" {
2025-07-27T20:32:02.2630176Z       + allocation_id                      = (known after apply)
2025-07-27T20:32:02.2630558Z       + association_id                     = (known after apply)
2025-07-27T20:32:02.2630913Z       + connectivity_type                  = "public"
2025-07-27T20:32:02.2631254Z       + id                                 = (known after apply)
2025-07-27T20:32:02.2631598Z       + network_interface_id               = (known after apply)
2025-07-27T20:32:02.2632128Z       + private_ip                         = (known after apply)
2025-07-27T20:32:02.2632481Z       + public_ip                          = (known after apply)
2025-07-27T20:32:02.2632850Z       + secondary_private_ip_address_count = (known after apply)
2025-07-27T20:32:02.2633232Z       + secondary_private_ip_addresses     = (known after apply)
2025-07-27T20:32:02.2633589Z       + subnet_id                          = (known after apply)
2025-07-27T20:32:02.2633914Z       + tags                               = (known after apply)
2025-07-27T20:32:02.2634252Z       + tags_all                           = (known after apply)
2025-07-27T20:32:02.2634561Z     }
2025-07-27T20:32:02.2634657Z 
2025-07-27T20:32:02.2634807Z   # module.vpc.aws_nat_gateway.main[2] will be created
2025-07-27T20:32:02.2635130Z   + resource "aws_nat_gateway" "main" {
2025-07-27T20:32:02.2635459Z       + allocation_id                      = (known after apply)
2025-07-27T20:32:02.2635827Z       + association_id                     = (known after apply)
2025-07-27T20:32:02.2636382Z       + connectivity_type                  = "public"
2025-07-27T20:32:02.2636730Z       + id                                 = (known after apply)
2025-07-27T20:32:02.2637082Z       + network_interface_id               = (known after apply)
2025-07-27T20:32:02.2637447Z       + private_ip                         = (known after apply)
2025-07-27T20:32:02.2637852Z       + public_ip                          = (known after apply)
2025-07-27T20:32:02.2638229Z       + secondary_private_ip_address_count = (known after apply)
2025-07-27T20:32:02.2638630Z       + secondary_private_ip_addresses     = (known after apply)
2025-07-27T20:32:02.2638998Z       + subnet_id                          = (known after apply)
2025-07-27T20:32:02.2639526Z       + tags                               = (known after apply)
2025-07-27T20:32:02.2639867Z       + tags_all                           = (known after apply)
2025-07-27T20:32:02.2640163Z     }
2025-07-27T20:32:02.2640282Z 
2025-07-27T20:32:02.2640437Z   # module.vpc.aws_route_table.private[0] will be created
2025-07-27T20:32:02.2640793Z   + resource "aws_route_table" "private" {
2025-07-27T20:32:02.2641095Z       + arn              = (known after apply)
2025-07-27T20:32:02.2641381Z       + id               = (known after apply)
2025-07-27T20:32:02.2641670Z       + owner_id         = (known after apply)
2025-07-27T20:32:02.2641981Z       + propagating_vgws = (known after apply)
2025-07-27T20:32:02.2642257Z       + route            = [
2025-07-27T20:32:02.2642491Z           + {
2025-07-27T20:32:02.2642720Z               + carrier_gateway_id         = ""
2025-07-27T20:32:02.2643024Z               + cidr_block                 = "0.0.0.0/0"
2025-07-27T20:32:02.2643324Z               + core_network_arn           = ""
2025-07-27T20:32:02.2643636Z               + destination_prefix_list_id = ""
2025-07-27T20:32:02.2643928Z               + egress_only_gateway_id     = ""
2025-07-27T20:32:02.2644212Z               + gateway_id                 = ""
2025-07-27T20:32:02.2644487Z               + ipv6_cidr_block            = ""
2025-07-27T20:32:02.2644769Z               + local_gateway_id           = ""
2025-07-27T20:32:02.2645085Z               + nat_gateway_id             = (known after apply)
2025-07-27T20:32:02.2645387Z               + network_interface_id       = ""
2025-07-27T20:32:02.2645676Z               + transit_gateway_id         = ""
2025-07-27T20:32:02.2645957Z               + vpc_endpoint_id            = ""
2025-07-27T20:32:02.2646509Z               + vpc_peering_connection_id  = ""
2025-07-27T20:32:02.2646929Z             },
2025-07-27T20:32:02.2647247Z         ]
2025-07-27T20:32:02.2647581Z       + tags             = (known after apply)
2025-07-27T20:32:02.2648039Z       + tags_all         = (known after apply)
2025-07-27T20:32:02.2648393Z       + vpc_id           = (known after apply)
2025-07-27T20:32:02.2648660Z     }
2025-07-27T20:32:02.2648787Z 
2025-07-27T20:32:02.2649109Z   # module.vpc.aws_route_table.private[1] will be created
2025-07-27T20:32:02.2649463Z   + resource "aws_route_table" "private" {
2025-07-27T20:32:02.2649759Z       + arn              = (known after apply)
2025-07-27T20:32:02.2650051Z       + id               = (known after apply)
2025-07-27T20:32:02.2650336Z       + owner_id         = (known after apply)
2025-07-27T20:32:02.2650625Z       + propagating_vgws = (known after apply)
2025-07-27T20:32:02.2650915Z       + route            = [
2025-07-27T20:32:02.2651147Z           + {
2025-07-27T20:32:02.2651362Z               + carrier_gateway_id         = ""
2025-07-27T20:32:02.2651667Z               + cidr_block                 = "0.0.0.0/0"
2025-07-27T20:32:02.2651952Z               + core_network_arn           = ""
2025-07-27T20:32:02.2652264Z               + destination_prefix_list_id = ""
2025-07-27T20:32:02.2652576Z               + egress_only_gateway_id     = ""
2025-07-27T20:32:02.2652860Z               + gateway_id                 = ""
2025-07-27T20:32:02.2653142Z               + ipv6_cidr_block            = ""
2025-07-27T20:32:02.2653431Z               + local_gateway_id           = ""
2025-07-27T20:32:02.2653745Z               + nat_gateway_id             = (known after apply)
2025-07-27T20:32:02.2654065Z               + network_interface_id       = ""
2025-07-27T20:32:02.2654359Z               + transit_gateway_id         = ""
2025-07-27T20:32:02.2654637Z               + vpc_endpoint_id            = ""
2025-07-27T20:32:02.2654922Z               + vpc_peering_connection_id  = ""
2025-07-27T20:32:02.2655193Z             },
2025-07-27T20:32:02.2655412Z         ]
2025-07-27T20:32:02.2655638Z       + tags             = (known after apply)
2025-07-27T20:32:02.2656079Z       + tags_all         = (known after apply)
2025-07-27T20:32:02.2656569Z       + vpc_id           = (known after apply)
2025-07-27T20:32:02.2657092Z     }
2025-07-27T20:32:02.2657239Z 
2025-07-27T20:32:02.2657395Z   # module.vpc.aws_route_table.private[2] will be created
2025-07-27T20:32:02.2657789Z   + resource "aws_route_table" "private" {
2025-07-27T20:32:02.2658146Z       + arn              = (known after apply)
2025-07-27T20:32:02.2658446Z       + id               = (known after apply)
2025-07-27T20:32:02.2658742Z       + owner_id         = (known after apply)
2025-07-27T20:32:02.2659064Z       + propagating_vgws = (known after apply)
2025-07-27T20:32:02.2659356Z       + route            = [
2025-07-27T20:32:02.2659596Z           + {
2025-07-27T20:32:02.2659825Z               + carrier_gateway_id         = ""
2025-07-27T20:32:02.2660118Z               + cidr_block                 = "0.0.0.0/0"
2025-07-27T20:32:02.2660415Z               + core_network_arn           = ""
2025-07-27T20:32:02.2660708Z               + destination_prefix_list_id = ""
2025-07-27T20:32:02.2661000Z               + egress_only_gateway_id     = ""
2025-07-27T20:32:02.2661302Z               + gateway_id                 = ""
2025-07-27T20:32:02.2661595Z               + ipv6_cidr_block            = ""
2025-07-27T20:32:02.2661915Z               + local_gateway_id           = ""
2025-07-27T20:32:02.2662250Z               + nat_gateway_id             = (known after apply)
2025-07-27T20:32:02.2662560Z               + network_interface_id       = ""
2025-07-27T20:32:02.2662861Z               + transit_gateway_id         = ""
2025-07-27T20:32:02.2663153Z               + vpc_endpoint_id            = ""
2025-07-27T20:32:02.2663444Z               + vpc_peering_connection_id  = ""
2025-07-27T20:32:02.2663721Z             },
2025-07-27T20:32:02.2663918Z         ]
2025-07-27T20:32:02.2664135Z       + tags             = (known after apply)
2025-07-27T20:32:02.2664431Z       + tags_all         = (known after apply)
2025-07-27T20:32:02.2664749Z       + vpc_id           = (known after apply)
2025-07-27T20:32:02.2665022Z     }
2025-07-27T20:32:02.2665136Z 
2025-07-27T20:32:02.2665285Z   # module.vpc.aws_route_table.public will be created
2025-07-27T20:32:02.2665614Z   + resource "aws_route_table" "public" {
2025-07-27T20:32:02.2665931Z       + arn              = (known after apply)
2025-07-27T20:32:02.2666523Z       + id               = (known after apply)
2025-07-27T20:32:02.2666819Z       + owner_id         = (known after apply)
2025-07-27T20:32:02.2667119Z       + propagating_vgws = (known after apply)
2025-07-27T20:32:02.2667413Z       + route            = [
2025-07-27T20:32:02.2667647Z           + {
2025-07-27T20:32:02.2667879Z               + carrier_gateway_id         = ""
2025-07-27T20:32:02.2668182Z               + cidr_block                 = "0.0.0.0/0"
2025-07-27T20:32:02.2668497Z               + core_network_arn           = ""
2025-07-27T20:32:02.2668793Z               + destination_prefix_list_id = ""
2025-07-27T20:32:02.2669089Z               + egress_only_gateway_id     = ""
2025-07-27T20:32:02.2669412Z               + gateway_id                 = (known after apply)
2025-07-27T20:32:02.2669732Z               + ipv6_cidr_block            = ""
2025-07-27T20:32:02.2670024Z               + local_gateway_id           = ""
2025-07-27T20:32:02.2670314Z               + nat_gateway_id             = ""
2025-07-27T20:32:02.2670610Z               + network_interface_id       = ""
2025-07-27T20:32:02.2670898Z               + transit_gateway_id         = ""
2025-07-27T20:32:02.2671191Z               + vpc_endpoint_id            = ""
2025-07-27T20:32:02.2671492Z               + vpc_peering_connection_id  = ""
2025-07-27T20:32:02.2671767Z             },
2025-07-27T20:32:02.2671961Z         ]
2025-07-27T20:32:02.2672175Z       + tags             = (known after apply)
2025-07-27T20:32:02.2672480Z       + tags_all         = (known after apply)
2025-07-27T20:32:02.2672783Z       + vpc_id           = (known after apply)
2025-07-27T20:32:02.2673053Z     }
2025-07-27T20:32:02.2673169Z 
2025-07-27T20:32:02.2673359Z   # module.vpc.aws_route_table_association.private[0] will be created
2025-07-27T20:32:02.2673932Z   + resource "aws_route_table_association" "private" {
2025-07-27T20:32:02.2674262Z       + id             = (known after apply)
2025-07-27T20:32:02.2674565Z       + route_table_id = (known after apply)
2025-07-27T20:32:02.2674860Z       + subnet_id      = (known after apply)
2025-07-27T20:32:02.2675125Z     }
2025-07-27T20:32:02.2675242Z 
2025-07-27T20:32:02.2675414Z   # module.vpc.aws_route_table_association.private[1] will be created
2025-07-27T20:32:02.2675554Z   + resource "aws_route_table_association" "private" {
2025-07-27T20:32:02.2675648Z       + id             = (known after apply)
2025-07-27T20:32:02.2675768Z       + route_table_id = (known after apply)
2025-07-27T20:32:02.2675869Z       + subnet_id      = (known after apply)
2025-07-27T20:32:02.2675955Z     }
2025-07-27T20:32:02.2675959Z 
2025-07-27T20:32:02.2676234Z   # module.vpc.aws_route_table_association.private[2] will be created
2025-07-27T20:32:02.2676365Z   + resource "aws_route_table_association" "private" {
2025-07-27T20:32:02.2676487Z       + id             = (known after apply)
2025-07-27T20:32:02.2676587Z       + route_table_id = (known after apply)
2025-07-27T20:32:02.2676704Z       + subnet_id      = (known after apply)
2025-07-27T20:32:02.2676786Z     }
2025-07-27T20:32:02.2676790Z 
2025-07-27T20:32:02.2676967Z   # module.vpc.aws_route_table_association.public[0] will be created
2025-07-27T20:32:02.2677111Z   + resource "aws_route_table_association" "public" {
2025-07-27T20:32:02.2677207Z       + id             = (known after apply)
2025-07-27T20:32:02.2677322Z       + route_table_id = (known after apply)
2025-07-27T20:32:02.2677418Z       + subnet_id      = (known after apply)
2025-07-27T20:32:02.2677511Z     }
2025-07-27T20:32:02.2677515Z 
2025-07-27T20:32:02.2677685Z   # module.vpc.aws_route_table_association.public[1] will be created
2025-07-27T20:32:02.2677824Z   + resource "aws_route_table_association" "public" {
2025-07-27T20:32:02.2677930Z       + id             = (known after apply)
2025-07-27T20:32:02.2678039Z       + route_table_id = (known after apply)
2025-07-27T20:32:02.2678152Z       + subnet_id      = (known after apply)
2025-07-27T20:32:02.2678231Z     }
2025-07-27T20:32:02.2678235Z 
2025-07-27T20:32:02.2678563Z   # module.vpc.aws_route_table_association.public[2] will be created
2025-07-27T20:32:02.2678714Z   + resource "aws_route_table_association" "public" {
2025-07-27T20:32:02.2678821Z       + id             = (known after apply)
2025-07-27T20:32:02.2678947Z       + route_table_id = (known after apply)
2025-07-27T20:32:02.2679053Z       + subnet_id      = (known after apply)
2025-07-27T20:32:02.2679155Z     }
2025-07-27T20:32:02.2679159Z 
2025-07-27T20:32:02.2679329Z   # module.vpc.aws_security_group.vpc_endpoints will be created
2025-07-27T20:32:02.2679476Z   + resource "aws_security_group" "vpc_endpoints" {
2025-07-27T20:32:02.2679608Z       + arn                    = (known after apply)
2025-07-27T20:32:02.2679735Z       + description            = "Managed by Terraform"
2025-07-27T20:32:02.2679845Z       + egress                 = [
2025-07-27T20:32:02.2679925Z           + {
2025-07-27T20:32:02.2680025Z               + cidr_blocks      = [
2025-07-27T20:32:02.2680110Z                   + "0.0.0.0/0",
2025-07-27T20:32:02.2680196Z                 ]
2025-07-27T20:32:02.2680320Z               + description      = "All outbound traffic"
2025-07-27T20:32:02.2680417Z               + from_port        = 0
2025-07-27T20:32:02.2680510Z               + ipv6_cidr_blocks = []
2025-07-27T20:32:02.2680597Z               + prefix_list_ids  = []
2025-07-27T20:32:02.2680693Z               + protocol         = "-1"
2025-07-27T20:32:02.2680781Z               + security_groups  = []
2025-07-27T20:32:02.2680876Z               + self             = false
2025-07-27T20:32:02.2680962Z               + to_port          = 0
2025-07-27T20:32:02.2681042Z             },
2025-07-27T20:32:02.2681114Z         ]
2025-07-27T20:32:02.2681224Z       + id                     = (known after apply)
2025-07-27T20:32:02.2681508Z       + ingress                = [
2025-07-27T20:32:02.2681578Z           + {
2025-07-27T20:32:02.2681670Z               + cidr_blocks      = [
2025-07-27T20:32:02.2681748Z                   + "10.0.0.0/16",
2025-07-27T20:32:02.2681831Z                 ]
2025-07-27T20:32:02.2681934Z               + description      = "HTTPS from VPC"
2025-07-27T20:32:02.2682029Z               + from_port        = 443
2025-07-27T20:32:02.2682124Z               + ipv6_cidr_blocks = []
2025-07-27T20:32:02.2682210Z               + prefix_list_ids  = []
2025-07-27T20:32:02.2682309Z               + protocol         = "tcp"
2025-07-27T20:32:02.2682399Z               + security_groups  = []
2025-07-27T20:32:02.2682494Z               + self             = false
2025-07-27T20:32:02.2682581Z               + to_port          = 443
2025-07-27T20:32:02.2682661Z             },
2025-07-27T20:32:02.2682732Z         ]
2025-07-27T20:32:02.2682852Z       + name                   = (known after apply)
2025-07-27T20:32:02.2683015Z       + name_prefix            = "tasky-dev-vpc-endpoints-"
2025-07-27T20:32:02.2683125Z       + owner_id               = (known after apply)
2025-07-27T20:32:02.2683231Z       + revoke_rules_on_delete = false
2025-07-27T20:32:02.2683339Z       + tags                   = (known after apply)
2025-07-27T20:32:02.2683448Z       + tags_all               = (known after apply)
2025-07-27T20:32:02.2683551Z       + vpc_id                 = (known after apply)
2025-07-27T20:32:02.2683638Z     }
2025-07-27T20:32:02.2683642Z 
2025-07-27T20:32:02.2683778Z   # module.vpc.aws_subnet.private[0] will be created
2025-07-27T20:32:02.2683876Z   + resource "aws_subnet" "private" {
2025-07-27T20:32:02.2684007Z       + arn                                            = (known after apply)
2025-07-27T20:32:02.2684149Z       + assign_ipv6_address_on_creation                = false
2025-07-27T20:32:02.2684312Z       + availability_zone                              = "us-east-1a"
2025-07-27T20:32:02.2684477Z       + availability_zone_id                           = (known after apply)
2025-07-27T20:32:02.2684627Z       + cidr_block                                     = "10.0.3.0/24"
2025-07-27T20:32:02.2684774Z       + enable_dns64                                   = false
2025-07-27T20:32:02.2685009Z       + enable_resource_name_dns_a_record_on_launch    = false
2025-07-27T20:32:02.2685160Z       + enable_resource_name_dns_aaaa_record_on_launch = false
2025-07-27T20:32:02.2685280Z       + id                                             = (known after apply)
2025-07-27T20:32:02.2685461Z       + ipv6_cidr_block_association_id                 = (known after apply)
2025-07-27T20:32:02.2685594Z       + ipv6_native                                    = false
2025-07-27T20:32:02.2685722Z       + map_public_ip_on_launch                        = false
2025-07-27T20:32:02.2685921Z       + owner_id                                       = (known after apply)
2025-07-27T20:32:02.2686092Z       + private_dns_hostname_type_on_launch            = (known after apply)
2025-07-27T20:32:02.2686358Z       + tags                                           = (known after apply)
2025-07-27T20:32:02.2686484Z       + tags_all                                       = (known after apply)
2025-07-27T20:32:02.2686632Z       + vpc_id                                         = (known after apply)
2025-07-27T20:32:02.2686724Z     }
2025-07-27T20:32:02.2686728Z 
2025-07-27T20:32:02.2686854Z   # module.vpc.aws_subnet.private[1] will be created
2025-07-27T20:32:02.2686970Z   + resource "aws_subnet" "private" {
2025-07-27T20:32:02.2687087Z       + arn                                            = (known after apply)
2025-07-27T20:32:02.2687230Z       + assign_ipv6_address_on_creation                = false
2025-07-27T20:32:02.2687383Z       + availability_zone                              = "us-east-1b"
2025-07-27T20:32:02.2687563Z       + availability_zone_id                           = (known after apply)
2025-07-27T20:32:02.2687699Z       + cidr_block                                     = "10.0.4.0/24"
2025-07-27T20:32:02.2687941Z       + enable_dns64                                   = false
2025-07-27T20:32:02.2688087Z       + enable_resource_name_dns_a_record_on_launch    = false
2025-07-27T20:32:02.2688229Z       + enable_resource_name_dns_aaaa_record_on_launch = false
2025-07-27T20:32:02.2688363Z       + id                                             = (known after apply)
2025-07-27T20:32:02.2688543Z       + ipv6_cidr_block_association_id                 = (known after apply)
2025-07-27T20:32:02.2688665Z       + ipv6_native                                    = false
2025-07-27T20:32:02.2688802Z       + map_public_ip_on_launch                        = false
2025-07-27T20:32:02.2688957Z       + owner_id                                       = (known after apply)
2025-07-27T20:32:02.2689151Z       + private_dns_hostname_type_on_launch            = (known after apply)
2025-07-27T20:32:02.2689277Z       + tags                                           = (known after apply)
2025-07-27T20:32:02.2689431Z       + tags_all                                       = (known after apply)
2025-07-27T20:32:02.2689574Z       + vpc_id                                         = (known after apply)
2025-07-27T20:32:02.2689650Z     }
2025-07-27T20:32:02.2689660Z 
2025-07-27T20:32:02.2689799Z   # module.vpc.aws_subnet.private[2] will be created
2025-07-27T20:32:02.2689902Z   + resource "aws_subnet" "private" {
2025-07-27T20:32:02.2690042Z       + arn                                            = (known after apply)
2025-07-27T20:32:02.2690183Z       + assign_ipv6_address_on_creation                = false
2025-07-27T20:32:02.2690360Z       + availability_zone                              = "us-east-1c"
2025-07-27T20:32:02.2690551Z       + availability_zone_id                           = (known after apply)
2025-07-27T20:32:02.2690689Z       + cidr_block                                     = "10.0.5.0/24"
2025-07-27T20:32:02.2690836Z       + enable_dns64                                   = false
2025-07-27T20:32:02.2690991Z       + enable_resource_name_dns_a_record_on_launch    = false
2025-07-27T20:32:02.2691153Z       + enable_resource_name_dns_aaaa_record_on_launch = false
2025-07-27T20:32:02.2691415Z       + id                                             = (known after apply)
2025-07-27T20:32:02.2691613Z       + ipv6_cidr_block_association_id                 = (known after apply)
2025-07-27T20:32:02.2691763Z       + ipv6_native                                    = false
2025-07-27T20:32:02.2691902Z       + map_public_ip_on_launch                        = false
2025-07-27T20:32:02.2692060Z       + owner_id                                       = (known after apply)
2025-07-27T20:32:02.2692241Z       + private_dns_hostname_type_on_launch            = (known after apply)
2025-07-27T20:32:02.2692387Z       + tags                                           = (known after apply)
2025-07-27T20:32:02.2692532Z       + tags_all                                       = (known after apply)
2025-07-27T20:32:02.2692672Z       + vpc_id                                         = (known after apply)
2025-07-27T20:32:02.2692768Z     }
2025-07-27T20:32:02.2692772Z 
2025-07-27T20:32:02.2692902Z   # module.vpc.aws_subnet.public[0] will be created
2025-07-27T20:32:02.2693029Z   + resource "aws_subnet" "public" {
2025-07-27T20:32:02.2693146Z       + arn                                            = (known after apply)
2025-07-27T20:32:02.2693303Z       + assign_ipv6_address_on_creation                = false
2025-07-27T20:32:02.2693479Z       + availability_zone                              = "us-east-1a"
2025-07-27T20:32:02.2693648Z       + availability_zone_id                           = (known after apply)
2025-07-27T20:32:02.2693801Z       + cidr_block                                     = "10.0.0.0/24"
2025-07-27T20:32:02.2693927Z       + enable_dns64                                   = false
2025-07-27T20:32:02.2694086Z       + enable_resource_name_dns_a_record_on_launch    = false
2025-07-27T20:32:02.2694242Z       + enable_resource_name_dns_aaaa_record_on_launch = false
2025-07-27T20:32:02.2694449Z       + id                                             = (known after apply)
2025-07-27T20:32:02.2694641Z       + ipv6_cidr_block_association_id                 = (known after apply)
2025-07-27T20:32:02.2694774Z       + ipv6_native                                    = false
2025-07-27T20:32:02.2694925Z       + map_public_ip_on_launch                        = true
2025-07-27T20:32:02.2695062Z       + owner_id                                       = (known after apply)
2025-07-27T20:32:02.2695261Z       + private_dns_hostname_type_on_launch            = (known after apply)
2025-07-27T20:32:02.2695398Z       + tags                                           = (known after apply)
2025-07-27T20:32:02.2695531Z       + tags_all                                       = (known after apply)
2025-07-27T20:32:02.2695666Z       + vpc_id                                         = (known after apply)
2025-07-27T20:32:02.2695744Z     }
2025-07-27T20:32:02.2695759Z 
2025-07-27T20:32:02.2695896Z   # module.vpc.aws_subnet.public[1] will be created
2025-07-27T20:32:02.2695997Z   + resource "aws_subnet" "public" {
2025-07-27T20:32:02.2696241Z       + arn                                            = (known after apply)
2025-07-27T20:32:02.2696393Z       + assign_ipv6_address_on_creation                = false
2025-07-27T20:32:02.2696548Z       + availability_zone                              = "us-east-1b"
2025-07-27T20:32:02.2696718Z       + availability_zone_id                           = (known after apply)
2025-07-27T20:32:02.2696846Z       + cidr_block                                     = "10.0.1.0/24"
2025-07-27T20:32:02.2696976Z       + enable_dns64                                   = false
2025-07-27T20:32:02.2697127Z       + enable_resource_name_dns_a_record_on_launch    = false
2025-07-27T20:32:02.2697263Z       + enable_resource_name_dns_aaaa_record_on_launch = false
2025-07-27T20:32:02.2697393Z       + id                                             = (known after apply)
2025-07-27T20:32:02.2697576Z       + ipv6_cidr_block_association_id                 = (known after apply)
2025-07-27T20:32:02.2697708Z       + ipv6_native                                    = false
2025-07-27T20:32:02.2697955Z       + map_public_ip_on_launch                        = true
2025-07-27T20:32:02.2698103Z       + owner_id                                       = (known after apply)
2025-07-27T20:32:02.2698290Z       + private_dns_hostname_type_on_launch            = (known after apply)
2025-07-27T20:32:02.2698408Z       + tags                                           = (known after apply)
2025-07-27T20:32:02.2698546Z       + tags_all                                       = (known after apply)
2025-07-27T20:32:02.2698668Z       + vpc_id                                         = (known after apply)
2025-07-27T20:32:02.2698772Z     }
2025-07-27T20:32:02.2698775Z 
2025-07-27T20:32:02.2698901Z   # module.vpc.aws_subnet.public[2] will be created
2025-07-27T20:32:02.2699010Z   + resource "aws_subnet" "public" {
2025-07-27T20:32:02.2699142Z       + arn                                            = (known after apply)
2025-07-27T20:32:02.2699275Z       + assign_ipv6_address_on_creation                = false
2025-07-27T20:32:02.2699443Z       + availability_zone                              = "us-east-1c"
2025-07-27T20:32:02.2699601Z       + availability_zone_id                           = (known after apply)
2025-07-27T20:32:02.2699739Z       + cidr_block                                     = "10.0.2.0/24"
2025-07-27T20:32:02.2699859Z       + enable_dns64                                   = false
2025-07-27T20:32:02.2700014Z       + enable_resource_name_dns_a_record_on_launch    = false
2025-07-27T20:32:02.2700160Z       + enable_resource_name_dns_aaaa_record_on_launch = false
2025-07-27T20:32:02.2700275Z       + id                                             = (known after apply)
2025-07-27T20:32:02.2700453Z       + ipv6_cidr_block_association_id                 = (known after apply)
2025-07-27T20:32:02.2700683Z       + ipv6_native                                    = false
2025-07-27T20:32:02.2700825Z       + map_public_ip_on_launch                        = true
2025-07-27T20:32:02.2700972Z       + owner_id                                       = (known after apply)
2025-07-27T20:32:02.2701148Z       + private_dns_hostname_type_on_launch            = (known after apply)
2025-07-27T20:32:02.2701285Z       + tags                                           = (known after apply)
2025-07-27T20:32:02.2701413Z       + tags_all                                       = (known after apply)
2025-07-27T20:32:02.2701548Z       + vpc_id                                         = (known after apply)
2025-07-27T20:32:02.2701621Z     }
2025-07-27T20:32:02.2701625Z 
2025-07-27T20:32:02.2701746Z   # module.vpc.aws_vpc.main will be created
2025-07-27T20:32:02.2701857Z   + resource "aws_vpc" "main" {
2025-07-27T20:32:02.2701980Z       + arn                                  = (known after apply)
2025-07-27T20:32:02.2702120Z       + cidr_block                           = "10.0.0.0/16"
2025-07-27T20:32:02.2702267Z       + default_network_acl_id               = (known after apply)
2025-07-27T20:32:02.2702415Z       + default_route_table_id               = (known after apply)
2025-07-27T20:32:02.2702562Z       + default_security_group_id            = (known after apply)
2025-07-27T20:32:02.2702706Z       + dhcp_options_id                      = (known after apply)
2025-07-27T20:32:02.2702835Z       + enable_dns_hostnames                 = true
2025-07-27T20:32:02.2702949Z       + enable_dns_support                   = true
2025-07-27T20:32:02.2703112Z       + enable_network_address_usage_metrics = (known after apply)
2025-07-27T20:32:02.2703225Z       + id                                   = (known after apply)
2025-07-27T20:32:02.2703367Z       + instance_tenancy                     = "default"
2025-07-27T20:32:02.2703514Z       + ipv6_association_id                  = (known after apply)
2025-07-27T20:32:02.2703663Z       + ipv6_cidr_block                      = (known after apply)
2025-07-27T20:32:02.2703834Z       + ipv6_cidr_block_network_border_group = (known after apply)
2025-07-27T20:32:02.2703973Z       + main_route_table_id                  = (known after apply)
2025-07-27T20:32:02.2704211Z       + owner_id                             = (known after apply)
2025-07-27T20:32:02.2704329Z       + tags                                 = (known after apply)
2025-07-27T20:32:02.2704479Z       + tags_all                             = (known after apply)
2025-07-27T20:32:02.2704569Z     }
2025-07-27T20:32:02.2704573Z 
2025-07-27T20:32:02.2704704Z   # module.vpc.aws_vpc_endpoint.ec2 will be created
2025-07-27T20:32:02.2704821Z   + resource "aws_vpc_endpoint" "ec2" {
2025-07-27T20:32:02.2704932Z       + arn                   = (known after apply)
2025-07-27T20:32:02.2705060Z       + cidr_blocks           = (known after apply)
2025-07-27T20:32:02.2705164Z       + dns_entry             = (known after apply)
2025-07-27T20:32:02.2705299Z       + id                    = (known after apply)
2025-07-27T20:32:02.2705428Z       + ip_address_type       = (known after apply)
2025-07-27T20:32:02.2705540Z       + network_interface_ids = (known after apply)
2025-07-27T20:32:02.2705675Z       + owner_id              = (known after apply)
2025-07-27T20:32:02.2705780Z       + policy                = (known after apply)
2025-07-27T20:32:02.2705900Z       + prefix_list_id        = (known after apply)
2025-07-27T20:32:02.2706001Z       + private_dns_enabled   = true
2025-07-27T20:32:02.2706278Z       + requester_managed     = (known after apply)
2025-07-27T20:32:02.2706406Z       + route_table_ids       = (known after apply)
2025-07-27T20:32:02.2706520Z       + security_group_ids    = (known after apply)
2025-07-27T20:32:02.2706687Z       + service_name          = "com.amazonaws.us-east-1.ec2"
2025-07-27T20:32:02.2706797Z       + service_region        = (known after apply)
2025-07-27T20:32:02.2706917Z       + state                 = (known after apply)
2025-07-27T20:32:02.2707161Z       + subnet_ids            = (known after apply)
2025-07-27T20:32:02.2707274Z       + tags                  = (known after apply)
2025-07-27T20:32:02.2707390Z       + tags_all              = (known after apply)
2025-07-27T20:32:02.2707507Z       + vpc_endpoint_type     = "Interface"
2025-07-27T20:32:02.2707623Z       + vpc_id                = (known after apply)
2025-07-27T20:32:02.2707698Z     }
2025-07-27T20:32:02.2707702Z 
2025-07-27T20:32:02.2707844Z   # module.vpc.aws_vpc_endpoint.s3 will be created
2025-07-27T20:32:02.2707955Z   + resource "aws_vpc_endpoint" "s3" {
2025-07-27T20:32:02.2708079Z       + arn                   = (known after apply)
2025-07-27T20:32:02.2708213Z       + cidr_blocks           = (known after apply)
2025-07-27T20:32:02.2708320Z       + dns_entry             = (known after apply)
2025-07-27T20:32:02.2708438Z       + id                    = (known after apply)
2025-07-27T20:32:02.2708548Z       + ip_address_type       = (known after apply)
2025-07-27T20:32:02.2708698Z       + network_interface_ids = (known after apply)
2025-07-27T20:32:02.2708816Z       + owner_id              = (known after apply)
2025-07-27T20:32:02.2708969Z       + policy                = (known after apply)
2025-07-27T20:32:02.2709100Z       + prefix_list_id        = (known after apply)
2025-07-27T20:32:02.2709253Z       + private_dns_enabled   = (known after apply)
2025-07-27T20:32:02.2709396Z       + requester_managed     = (known after apply)
2025-07-27T20:32:02.2709508Z       + route_table_ids       = (known after apply)
2025-07-27T20:32:02.2709655Z       + security_group_ids    = (known after apply)
2025-07-27T20:32:02.2709802Z       + service_name          = "com.amazonaws.us-east-1.s3"
2025-07-27T20:32:02.2709952Z       + service_region        = (known after apply)
2025-07-27T20:32:02.2710064Z       + state                 = (known after apply)
2025-07-27T20:32:02.2710209Z       + subnet_ids            = (known after apply)
2025-07-27T20:32:02.2710353Z       + tags                  = (known after apply)
2025-07-27T20:32:02.2710473Z       + tags_all              = (known after apply)
2025-07-27T20:32:02.2710597Z       + vpc_endpoint_type     = "Gateway"
2025-07-27T20:32:02.2710706Z       + vpc_id                = (known after apply)
2025-07-27T20:32:02.2710937Z     }
2025-07-27T20:32:02.2710942Z 
2025-07-27T20:32:02.2711067Z Plan: 58 to add, 0 to change, 0 to destroy.
2025-07-27T20:32:02.2711108Z 
2025-07-27T20:32:02.2711199Z Changes to Outputs:
2025-07-27T20:32:02.2711416Z   + application_access_instructions           = <<-EOT
2025-07-27T20:32:02.2711522Z         To access the Tasky application:
2025-07-27T20:32:02.2711619Z             
2025-07-27T20:32:02.2711719Z         1. Configure kubectl:
2025-07-27T20:32:02.2711973Z            aws eks update-kubeconfig --region us-east-1 --name tasky-dev-v15-eks-cluster
2025-07-27T20:32:02.2712063Z             
2025-07-27T20:32:02.2712181Z         2. Get the application URL:
2025-07-27T20:32:02.2712318Z            kubectl get ingress tasky-ingress -n tasky
2025-07-27T20:32:02.2712405Z                
2025-07-27T20:32:02.2712505Z         3. Or get direct URL:
2025-07-27T20:32:02.2712892Z            echo "http://$(kubectl get ingress tasky-ingress -n tasky -o jsonpath='{.status.loadBalancer.ingress[0].hostname}')"
2025-07-27T20:32:02.2712974Z                
2025-07-27T20:32:02.2713073Z         4. Custom domain (if configured):
2025-07-27T20:32:02.2713189Z            http://ideatasky.ryanmcvey.me
2025-07-27T20:32:02.2713268Z                
2025-07-27T20:32:02.2713524Z         Note: The ALB is managed by Kubernetes AWS Load Balancer Controller, not Terraform directly.
2025-07-27T20:32:02.2713603Z     EOT
2025-07-27T20:32:02.2713973Z   + application_url_command                   = "kubectl get ingress tasky-ingress -n tasky -o jsonpath='{.status.loadBalancer.ingress[0].hostname}'"
2025-07-27T20:32:02.2714119Z   + aws_region                                = "us-east-1"
2025-07-27T20:32:02.2714284Z   + eks_aws_load_balancer_controller_role_arn = (known after apply)
2025-07-27T20:32:02.2714531Z   + eks_cluster_endpoint                      = (known after apply)
2025-07-27T20:32:02.2714703Z   + eks_cluster_name                          = "tasky-dev-v15-eks-cluster"
2025-07-27T20:32:02.2714860Z   + eks_cluster_security_group_id             = (known after apply)
2025-07-27T20:32:02.2715030Z   + eks_node_group_security_group_id          = (known after apply)
2025-07-27T20:32:02.2715163Z   + jwt_secret                                = (sensitive value)
2025-07-27T20:32:02.2715478Z   + kubectl_config_command                    = "aws eks update-kubeconfig --region us-east-1 --name tasky-dev-v15-eks-cluster"
2025-07-27T20:32:02.2715665Z   + mongodb_cloudwatch_logs                   = "/aws/ec2/tasky-dev-v15/mongodb"
2025-07-27T20:32:02.2715818Z   + mongodb_connection_string                 = (sensitive value)
2025-07-27T20:32:02.2715959Z   + mongodb_database_name                     = "go-mongodb"
2025-07-27T20:32:02.2716243Z   + mongodb_instance_id                       = (known after apply)
2025-07-27T20:32:02.2716403Z   + mongodb_password                          = (sensitive value)
2025-07-27T20:32:02.2716545Z   + mongodb_private_ip                        = (known after apply)
2025-07-27T20:32:02.2716707Z   + mongodb_security_group_id                 = (known after apply)
2025-07-27T20:32:02.2716833Z   + mongodb_troubleshooting                   = {
2025-07-27T20:32:02.2716937Z       + ssm_connect        = (known after apply)
2025-07-27T20:32:02.2717173Z       + status_check       = "Run '/opt/mongodb-backup/status-check.sh' on the instance via SSM"
2025-07-27T20:32:02.2717277Z       + tail_mongodb_log   = (known after apply)
2025-07-27T20:32:02.2717388Z       + tail_mongodb_setup = (known after apply)
2025-07-27T20:32:02.2717489Z       + tail_user_data     = (known after apply)
2025-07-27T20:32:02.2717594Z       + view_cloud_init    = (known after apply)
2025-07-27T20:32:02.2717865Z       + view_logs          = "aws logs describe-log-streams --log-group-name '/aws/ec2/tasky-dev-v15/mongodb'"
2025-07-27T20:32:02.2717942Z     }
2025-07-27T20:32:02.2718090Z   + mongodb_username                          = (sensitive value)
2025-07-27T20:32:02.2718235Z   + s3_backup_bucket_name                     = (known after apply)
2025-07-27T20:32:02.2718504Z   + s3_backup_public_url                      = (known after apply)
2025-07-27T20:32:02.2718653Z   + s3_backup_public_url_latest_db            = (known after apply)
2025-07-27T20:32:02.2718775Z   + vpc_id                                    = (known after apply)
2025-07-27T20:32:02.2718780Z 
2025-07-27T20:32:02.2719267Z ─────────────────────────────────────────────────────────────────────────────
2025-07-27T20:32:02.2719273Z 
2025-07-27T20:32:02.2719368Z Saved the plan to: tfplan
2025-07-27T20:32:02.2719373Z 
2025-07-27T20:32:02.2719564Z To perform exactly these actions, run the following command to apply:
2025-07-27T20:32:02.2719657Z     terraform apply "tfplan"
2025-07-27T20:32:02.2747636Z ##[group]Run echo "cost_estimate=Estimated monthly cost: ~$50-75 USD (EKS: ~$30, EC2: ~$15, S3/ALB: ~$10)" >> $GITHUB_OUTPUT
2025-07-27T20:32:02.2748008Z [36;1mecho "cost_estimate=Estimated monthly cost: ~$50-75 USD (EKS: ~$30, EC2: ~$15, S3/ALB: ~$10)" >> $GITHUB_OUTPUT[0m
2025-07-27T20:32:02.2778367Z shell: /usr/bin/bash -e {0}
2025-07-27T20:32:02.2778473Z env:
2025-07-27T20:32:02.2778591Z   TF_VERSION: 1.7.5
2025-07-27T20:32:02.2778680Z   AWS_REGION: us-east-1
2025-07-27T20:32:02.2778780Z   PROJECT_NAME: tasky
2025-07-27T20:32:02.2778869Z   ENVIRONMENT: dev
2025-07-27T20:32:02.2778967Z   STACK_VERSION: v15
2025-07-27T20:32:02.2779074Z   AWS_DEFAULT_REGION: us-east-1
2025-07-27T20:32:02.2779378Z   AWS_ACCESS_KEY_ID: ***
2025-07-27T20:32:02.2779593Z   AWS_SECRET_ACCESS_KEY: ***
2025-07-27T20:32:02.2784400Z   AWS_SESSION_TOKEN: ***
2025-07-27T20:32:02.2784626Z   TERRAFORM_CLI_PATH: /home/runner/work/_temp/983521bb-688c-4db7-8a7b-4efaea9b01a0
2025-07-27T20:32:02.2784786Z ##[endgroup]
2025-07-27T20:32:02.2878388Z ##[group]Run echo "🔍 Security validation:" >> security_report.md
2025-07-27T20:32:02.2878839Z [36;1mecho "🔍 Security validation:" >> security_report.md[0m
2025-07-27T20:32:02.2879053Z [36;1mecho "- ✅ Non-root user configured in containers" >> security_report.md[0m
2025-07-27T20:32:02.2879266Z [36;1mecho "- ✅ RBAC cluster-admin permissions configured" >> security_report.md[0m
2025-07-27T20:32:02.2879447Z [36;1mecho "- ✅ MongoDB authentication enabled" >> security_report.md[0m
2025-07-27T20:32:02.2879653Z [36;1mecho "- ✅ S3 public read access configured for backups" >> security_report.md[0m
2025-07-27T20:32:02.2879863Z [36;1mecho "- ✅ VPC with private/public subnet separation" >> security_report.md[0m
2025-07-27T20:32:02.2879995Z [36;1mecho "security_report<<EOF" >> $GITHUB_OUTPUT[0m
2025-07-27T20:32:02.2880112Z [36;1mcat security_report.md >> $GITHUB_OUTPUT[0m
2025-07-27T20:32:02.2880210Z [36;1mecho "EOF" >> $GITHUB_OUTPUT[0m
2025-07-27T20:32:02.2910886Z shell: /usr/bin/bash -e {0}
2025-07-27T20:32:02.2910983Z env:
2025-07-27T20:32:02.2911130Z   TF_VERSION: 1.7.5
2025-07-27T20:32:02.2911233Z   AWS_REGION: us-east-1
2025-07-27T20:32:02.2911337Z   PROJECT_NAME: tasky
2025-07-27T20:32:02.2911431Z   ENVIRONMENT: dev
2025-07-27T20:32:02.2911516Z   STACK_VERSION: v15
2025-07-27T20:32:02.2911631Z   AWS_DEFAULT_REGION: us-east-1
2025-07-27T20:32:02.2911966Z   AWS_ACCESS_KEY_ID: ***
2025-07-27T20:32:02.2912187Z   AWS_SECRET_ACCESS_KEY: ***
2025-07-27T20:32:02.2917575Z   AWS_SESSION_TOKEN: ***
2025-07-27T20:32:02.2917822Z   TERRAFORM_CLI_PATH: /home/runner/work/_temp/983521bb-688c-4db7-8a7b-4efaea9b01a0
2025-07-27T20:32:02.2917908Z ##[endgroup]
2025-07-27T20:32:02.3157187Z Post job cleanup.
2025-07-27T20:32:02.4578725Z Post job cleanup.
2025-07-27T20:32:02.5491896Z [command]/usr/bin/git version
2025-07-27T20:32:02.5528175Z git version 2.50.1
2025-07-27T20:32:02.5569573Z Temporarily overriding HOME='/home/runner/work/_temp/f3691a28-05db-49fc-ae6e-f7452e96db4a' before making global git config changes
2025-07-27T20:32:02.5570490Z Adding repository directory to the temporary git global config as a safe directory
2025-07-27T20:32:02.5581714Z [command]/usr/bin/git config --global --add safe.directory /home/runner/work/tasky-pivot-for-insight/tasky-pivot-for-insight
2025-07-27T20:32:02.5614996Z [command]/usr/bin/git config --local --name-only --get-regexp core\.sshCommand
2025-07-27T20:32:02.5646512Z [command]/usr/bin/git submodule foreach --recursive sh -c "git config --local --name-only --get-regexp 'core\.sshCommand' && git config --local --unset-all 'core.sshCommand' || :"
2025-07-27T20:32:02.5871561Z [command]/usr/bin/git config --local --name-only --get-regexp http\.https\:\/\/github\.com\/\.extraheader
2025-07-27T20:32:02.5891739Z http.https://github.com/.extraheader
2025-07-27T20:32:02.5903781Z [command]/usr/bin/git config --local --unset-all http.https://github.com/.extraheader
2025-07-27T20:32:02.5932988Z [command]/usr/bin/git submodule foreach --recursive sh -c "git config --local --name-only --get-regexp 'http\.https\:\/\/github\.com\/\.extraheader' && git config --local --unset-all 'http.https://github.com/.extraheader' || :"
2025-07-27T20:32:02.6255086Z Cleaning up orphan processes